[backblue.gif]
[fade.gif]
[index.html]
[www.canadianchopinsociety.com/feed]
[www.canadianchopinsociety.com/comments/feed]
[www.canadianchopinsociety.com/home-2/feed]
[www.canadianchopinsociety.com/wp-includes/js/jquery/jquery.min9d52.js]
[www.canadianchopinsociety.com/wp-includes/js/jquery/jquery-migrate.mind617.js]
[www.canadianchopinsociety.com/wp-content/plugins/contact-form-7-paypal-add-on/assets/js/redirect_method.js]
[www.canadianchopinsociety.com/wp-content/plugins/responsive-lightbox/assets/swipebox/jquery.swipebox.min254d.js]
[www.canadianchopinsociety.com/wp-content/plugins/responsive-lightbox/assets/infinitescroll/infinite-scroll.pkgd.min56cc.js]
[www.canadianchopinsociety.com/wp-content/plugins/responsive-lightbox/js/front254d.js]
[www.canadianchopinsociety.com/wp-json/wp/v2/pages/162.json]
[www.canadianchopinsociety.com/wp-json/index.html]
[www.canadianchopinsociety.com/xmlrpc0db0.php]
[www.canadianchopinsociety.com/wp-includes/wlwmanifest.xml]
[www.canadianchopinsociety.com/wp-json/oembed/1.0/embed31d4.json]
[www.canadianchopinsociety.com/wp-json/oembed/1.0/embedd974]
[www.canadianchopinsociety.com/wp-includes/js/tw-sack.min51a2.js]
[www.canadianchopinsociety.com/core/images/logo.gif]
[www.canadianchopinsociety.com/core/images/fb.gif]
[www.canadianchopinsociety.com/core/images/blgr.gif]
[www.canadianchopinsociety.com/wp-content/uploads/2012/12/Main_Banner.jpg]
[www.canadianchopinsociety.com/wp-includes/js/dist/vendor/wp-polyfill.min89b1.js]
[www.canadianchopinsociety.com/wp-includes/js/dist/vendor/wp-polyfill-fetch.min6e0e.js]
[www.canadianchopinsociety.com/wp-includes/js/dist/vendor/wp-polyfill-node-contains.min2e00.js]
[www.canadianchopinsociety.com/wp-includes/js/dist/vendor/wp-polyfill-dom-rect.min2e00.js]
[www.canadianchopinsociety.com/wp-includes/js/dist/vendor/wp-polyfill-url.min5aed.js]
[www.canadianchopinsociety.com/wp-includes/js/dist/vendor/wp-polyfill-formdata.mine9bd.js]
[www.canadianchopinsociety.com/wp-includes/js/dist/vendor/wp-polyfill-element-closest.min4c56.js]
[www.canadianchopinsociety.com/wp-content/plugins/contact-form-7/includes/js/indexc225.js]
[www.canadianchopinsociety.com/wp-content/themes/chopin/js/navigation5152.js]
[www.google.com/recaptcha/api6c91.js]
[www.canadianchopinsociety.com/wp-content/plugins/contact-form-7/modules/recaptcha/indexc225.js]
[www.canadianchopinsociety.com/wp-includes/js/wp-embed.min56cc.js]
[www.canadianchopinsociety.com/index.html]
[www.canadianchopinsociety.com/xmlrpc.php]
[www.canadianchopinsociety.com/wp-includes/css/dist/block-library/style.min56cc.css]
[www.canadianchopinsociety.com/wp-content/plugins/simple-sitemap/lib/assets/css/simple-sitemap56cc.css]
[www.canadianchopinsociety.com/wp-content/plugins/contact-form-7/includes/css/stylesc225.css]
[www.canadianchopinsociety.com/wp-content/plugins/responsive-lightbox/assets/swipebox/img/loader.gif]
[www.canadianchopinsociety.com/wp-content/plugins/responsive-lightbox/assets/swipebox/img/icons.png]
[www.canadianchopinsociety.com/wp-content/plugins/responsive-lightbox/assets/swipebox/swipebox.min254d.css]
[www.canadianchopinsociety.com/core/css/webfontkit/Cuprum-webfont.eot]
[www.canadianchopinsociety.com/core/css/webfontkit/Cuprum-webfontd41d.eot]
[www.canadianchopinsociety.com/core/css/webfontkit/Cuprum-webfont.ttf]
[www.canadianchopinsociety.com/core/css/webfontkit/cuprum-bold-webfont.eot]
[www.canadianchopinsociety.com/core/css/webfontkit/cuprum-bold-webfont.ttf]
[www.canadianchopinsociety.com/core/css/webfontkit/cuprum-bold-webfontd41d.eot]
[www.canadianchopinsociety.com/core/css/webfontkit/parisienneregular.eot]
[www.canadianchopinsociety.com/core/css/webfontkit/parisienneregular.ttf]
[www.canadianchopinsociety.com/core/css/webfontkit/parisienneregulard41d.eot]
[www.canadianchopinsociety.com/core/css/webkit5152.css]
[www.canadianchopinsociety.com/core/images/background-hp.gif]
[www.canadianchopinsociety.com/core/images/tp_nav_left.png]
[www.canadianchopinsociety.com/core/images/tp_nav_right.png]
[www.canadianchopinsociety.com/core/images/tp_nav_sep.gif]
[www.canadianchopinsociety.com/core/images/main_nav_sep.gif]
[www.canadianchopinsociety.com/core/images/sub_menu_sep.gif]
[www.canadianchopinsociety.com/core/images/footer_back.png]
[www.canadianchopinsociety.com/core/images/footer_cont_back.jpg]
[www.canadianchopinsociety.com/core/images/link_back.png]
[www.canadianchopinsociety.com/core/images/signup_back.jpg]
[www.canadianchopinsociety.com/core/images/copyright_back.png]
[www.canadianchopinsociety.com/core/images/hp_message_back.png]
[www.canadianchopinsociety.com/core/images/hp_message_sep.gif]
[www.canadianchopinsociety.com/core/css/core5152.css]
[www.canadianchopinsociety.com/wp-content/themes/chopin/wsi5152.css]
[www.canadianchopinsociety.com/wp-content/themes/chopin/style56cc.css]
[www.canadianchopinsociety.com/wp-content/plugins/wp-paginate/css/wp-paginate6b25.css]
[www.canadianchopinsociety.com/index9fbb.html]
[www.canadianchopinsociety.com/sitemap/feed]
[www.canadianchopinsociety.com/core/images/member_back.png]
[www.canadianchopinsociety.com/core/images/donate_back.png]
[www.canadianchopinsociety.com/core/images/know_back.png]
[www.canadianchopinsociety.com/sitemap.html]
[www.canadianchopinsociety.com/contact/feed]
[www.canadianchopinsociety.com/wp-json/wp/v2/pages/37.json]
[www.canadianchopinsociety.com/wp-json/oembed/1.0/embed462d.json]
[www.canadianchopinsociety.com/wp-json/oembed/1.0/embed8ecd]
[www.canadianchopinsociety.com/contact.html]
[www.canadianchopinsociety.com/blog.html]
[www.canadianchopinsociety.com/chopin-society/who-we-are/index.html]
[www.canadianchopinsociety.com/wp-content/uploads/2013/01/ccs-logo-who-we-are1.png]
[www.canadianchopinsociety.com/chopin-society/who-we-are/feed]
[www.canadianchopinsociety.com/wp-json/wp/v2/pages/125.json]
[www.canadianchopinsociety.com/wp-json/oembed/1.0/embed1d28.json]
[www.canadianchopinsociety.com/wp-json/oembed/1.0/embed102e]
[www.canadianchopinsociety.com/chopin-society/who-we-are.html]
[www.canadianchopinsociety.com/wp-content/uploads/2018/03/Lopinskiphoto-300x200.jpg]
[www.canadianchopinsociety.com/chopin-society/boards-and-committees/feed]
[www.canadianchopinsociety.com/wp-json/wp/v2/pages/57.json]
[www.canadianchopinsociety.com/wp-json/oembed/1.0/embedccc3.json]
[www.canadianchopinsociety.com/wp-json/oembed/1.0/embed3b74]
[www.canadianchopinsociety.com/wp-content/uploads/2018/03/Lopinskiphoto.jpg]
[www.canadianchopinsociety.com/chopin-society/boards-and-committees.html]
[www.canadianchopinsociety.com/chopin-society/founding-circle/feed]
[www.canadianchopinsociety.com/wp-json/wp/v2/pages/58.json]
[www.canadianchopinsociety.com/wp-json/oembed/1.0/embed9383.json]
[www.canadianchopinsociety.com/wp-json/oembed/1.0/embed95eb]
[www.canadianchopinsociety.com/chopin-society/founding-circle.html]
[www.canadianchopinsociety.com/wp-content/uploads/2013/01/Chopin-newsletter-January-2019.jpg]
[www.canadianchopinsociety.com/chopin-society/newsletters/feed]
[www.canadianchopinsociety.com/wp-json/wp/v2/pages/97.json]
[www.canadianchopinsociety.com/wp-json/oembed/1.0/embed1919.json]
[www.canadianchopinsociety.com/wp-json/oembed/1.0/embed8f5a]
[www.canadianchopinsociety.com/wp-content/uploads/2013/01/Chopin-newsletter-January-2019-.pdf]
[www.canadianchopinsociety.com/wp-content/uploads/2013/01/Chopin-newsletter-Feb-24-Final.pdf]
[www.canadianchopinsociety.com/wp-content/uploads/2013/01/feb-newsletter.jpg]
[www.canadianchopinsociety.com/wp-content/uploads/2013/01/Chopin-Newsletter-March-2012.pdf]
[www.canadianchopinsociety.com/wp-content/uploads/2013/01/Chopin-Newsletter-March-2012-1.jpg]
[www.canadianchopinsociety.com/chopin-society/newsletters.html]
[www.canadianchopinsociety.com/wp-content/uploads/2013/02/logo-7.jpg]
[www.canadianchopinsociety.com/chopin-society/sponsors-and-partners/feed]
[www.canadianchopinsociety.com/wp-json/wp/v2/pages/59.json]
[www.canadianchopinsociety.com/wp-json/oembed/1.0/embedf58d.json]
[www.canadianchopinsociety.com/wp-json/oembed/1.0/embed9f42]
[www.canadianchopinsociety.com/wp-content/uploads/2013/02/logo-17.jpg]
[www.canadianchopinsociety.com/wp-content/uploads/2013/02/logo-6.jpg]
[www.canadianchopinsociety.com/wp-content/uploads/2013/02/logo-12.jpg]
[www.canadianchopinsociety.com/wp-content/uploads/2013/02/logo-15.jpg]
[www.canadianchopinsociety.com/wp-content/uploads/2013/02/logo-10.jpg]
[www.canadianchopinsociety.com/wp-content/uploads/2013/02/logo-3.jpg]
[www.canadianchopinsociety.com/wp-content/uploads/2013/02/logo-11.jpg]
[www.canadianchopinsociety.com/wp-content/uploads/2013/02/logo-5.jpg]
[www.canadianchopinsociety.com/wp-content/uploads/2014/10/logo-18.jpg]
[www.canadianchopinsociety.com/wp-content/uploads/2014/10/logo-21.jpg]
[www.canadianchopinsociety.com/wp-content/uploads/2014/10/logo-19.jpg]
[www.canadianchopinsociety.com/wp-content/uploads/2014/10/logo-20.jpg]
[www.canadianchopinsociety.com/wp-content/uploads/2014/10/logo-22.jpg]
[www.canadianchopinsociety.com/chopin-society/sponsors-and-partners.html]
[www.canadianchopinsociety.com/wp-content/uploads/2012/12/Canadian-Chopin-Competition-photo.jpg]
[www.canadianchopinsociety.com/piano-competition/feed]
[www.canadianchopinsociety.com/wp-json/wp/v2/pages/12.json]
[www.canadianchopinsociety.com/wp-json/oembed/1.0/embed551d.json]
[www.canadianchopinsociety.com/wp-json/oembed/1.0/embed75b6]
[www.canadianchopinsociety.com/piano-competition.html]
[www.canadianchopinsociety.com/wp-json/wp/v2/pages/2393.json]
[www.canadianchopinsociety.com/wp-json/oembed/1.0/embed3f08.json]
[www.canadianchopinsociety.com/wp-json/oembed/1.0/embed61ea]
[www.canadianchopinsociety.com/piano-competition/2019-competition.html]
[www.canadianchopinsociety.com/piano-competition/past-competitions/feed]
[www.canadianchopinsociety.com/wp-json/wp/v2/pages/29.json]
[www.canadianchopinsociety.com/wp-json/oembed/1.0/embede323.json]
[www.canadianchopinsociety.com/wp-json/oembed/1.0/embedd94b]
[www.canadianchopinsociety.com/piano-competition/past-competitions.html]
[www.canadianchopinsociety.com/festival/feed]
[www.canadianchopinsociety.com/wp-json/wp/v2/pages/13.json]
[www.canadianchopinsociety.com/wp-json/oembed/1.0/embed402c.json]
[www.canadianchopinsociety.com/wp-json/oembed/1.0/embed4629]
[www.canadianchopinsociety.com/festival.html]
[www.canadianchopinsociety.com/wp-json/wp/v2/pages/1562.json]
[www.canadianchopinsociety.com/wp-json/oembed/1.0/embed2f48.json]
[www.canadianchopinsociety.com/wp-json/oembed/1.0/embed111c]
[www.canadianchopinsociety.com/festival/2019-festival.html]
[www.canadianchopinsociety.com/wp-content/uploads/2013/01/chopin-2014-festival.jpg]
[www.canadianchopinsociety.com/festival/2014-festival/feed]
[www.canadianchopinsociety.com/wp-json/wp/v2/pages/207.json]
[www.canadianchopinsociety.com/wp-json/oembed/1.0/embed43db.json]
[www.canadianchopinsociety.com/wp-json/oembed/1.0/embedb61e]
[www.canadianchopinsociety.com/festival/2014-festival.html]
[www.canadianchopinsociety.com/festival/2010-festival/feed]
[www.canadianchopinsociety.com/wp-json/wp/v2/pages/209.json]
[www.canadianchopinsociety.com/wp-json/oembed/1.0/embedadf3.json]
[www.canadianchopinsociety.com/wp-json/oembed/1.0/embedc7cf]
[www.canadianchopinsociety.com/wp-content/uploads/2013/02/OpeningConcert.pdf]
[www.canadianchopinsociety.com/wp-content/uploads/2013/02/PerformShcs_WaltNoct.pdf]
[www.canadianchopinsociety.com/wp-content/uploads/2013/02/NoctMasterCl.pdf]
[www.canadianchopinsociety.com/wp-content/uploads/2013/02/PerformShwc_MazPolon.pdf]
[www.canadianchopinsociety.com/wp-content/uploads/2013/02/DiscDancesLechowia.pdf]
[www.canadianchopinsociety.com/wp-content/uploads/2013/02/MazPolonMasterCl.pdf]
[www.canadianchopinsociety.com/wp-content/uploads/2013/02/FChGreatestWorks.pdf]
[www.canadianchopinsociety.com/wp-content/uploads/2013/02/TheMuses.pdf]
[www.canadianchopinsociety.com/wp-content/uploads/2013/02/PoetofthePiano.pdf]
[www.canadianchopinsociety.com/wp-content/uploads/2013/02/ParisianSalonRecit.pdf]
[www.canadianchopinsociety.com/festival/2010-festival.html]
[www.canadianchopinsociety.com/wp-content/uploads/2018/04/P1010469-1024x634-e1536020736413.jpg]
[www.canadianchopinsociety.com/gallery/feed]
[www.canadianchopinsociety.com/wp-json/wp/v2/pages/14.json]
[www.canadianchopinsociety.com/wp-json/oembed/1.0/embedcd76.json]
[www.canadianchopinsociety.com/wp-json/oembed/1.0/embed9884]
[www.canadianchopinsociety.com/wp-content/uploads/2012/12/concerts-and-events.jpg]
[www.canadianchopinsociety.com/wp-content/uploads/2012/12/int-chopin-comp-2015.jpg]
[www.canadianchopinsociety.com/wp-content/uploads/2012/12/fourth-canadian-chopin-comp.jpg]
[www.canadianchopinsociety.com/wp-content/uploads/2013/02/icc-2010-main.jpg]
[www.canadianchopinsociety.com/wp-content/uploads/2013/02/ccf-2010-main-300x136.jpg]
[www.canadianchopinsociety.com/wp-content/uploads/2013/02/pce-main.jpg]
[www.canadianchopinsociety.com/gallery.html]
[www.canadianchopinsociety.com/membership/feed]
[www.canadianchopinsociety.com/wp-json/wp/v2/pages/15.json]
[www.canadianchopinsociety.com/wp-json/oembed/1.0/embedc050.json]
[www.canadianchopinsociety.com/wp-json/oembed/1.0/embedf0ef]
[www.canadianchopinsociety.com/membership.html]
[www.canadianchopinsociety.com/wp-content/uploads/2012/12/frederyk-chopin.png]
[www.canadianchopinsociety.com/fryderyk-chopin/feed]
[www.canadianchopinsociety.com/wp-json/wp/v2/pages/16.json]
[www.canadianchopinsociety.com/wp-json/oembed/1.0/embedf0f2.json]
[www.canadianchopinsociety.com/wp-json/oembed/1.0/embedafd4]
[www.canadianchopinsociety.com/fryderyk-chopin.html]
[www.canadianchopinsociety.com/core/css/webfontkit/Cuprum-webfont.svg]
[www.canadianchopinsociety.com/core/css/webfontkit/cuprum-bold-webfont.svg]
[www.canadianchopinsociety.com/core/css/webfontkit/parisienneregular.svg]
[www.canadianchopinsociety.com/core/images/background.gif]
[www.canadianchopinsociety.com/core/images/banner-inside.jpg]
[www.canadianchopinsociety.com/core/images/button.png]
[www.canadianchopinsociety.com/core/images/did_know_content_back.png]
[www.canadianchopinsociety.com/core/images/inside-nav-li.png]
[www.canadianchopinsociety.com/core/images/bullet-red.png]
[www.canadianchopinsociety.com/core/css/inside5152.css]
[www.canadianchopinsociety.com/wp-json/wp/v2/pages/51.html]
[www.canadianchopinsociety.com/index8cf7.html]
[www.canadianchopinsociety.com/wp-json/oembed/1.0/embeda4f2.html]
[www.canadianchopinsociety.com/wp-json/oembed/1.0/embed5ac3.html]
[www.canadianchopinsociety.com/indexe86c.html]
[www.canadianchopinsociety.com/2019-application.html]
[www.canadianchopinsociety.com/wp-json/wp/v2/pages/2161.json]
[www.canadianchopinsociety.com/wp-json/oembed/1.0/embed2a4e.json]
[www.canadianchopinsociety.com/wp-json/oembed/1.0/embed5827]
[www.canadianchopinsociety.com/2019-application/2019-junior-application.html]
[www.canadianchopinsociety.com/wp-json/wp/v2/pages/2163.json]
[www.canadianchopinsociety.com/wp-json/oembed/1.0/embed6489.json]
[www.canadianchopinsociety.com/wp-json/oembed/1.0/embed9942]
[www.canadianchopinsociety.com/2019-application/2019-senior-application.html]
[www.canadianchopinsociety.com/wp-json/wp/v2/pages/2231.json]
[www.canadianchopinsociety.com/wp-json/oembed/1.0/embed4c86.json]
[www.canadianchopinsociety.com/wp-json/oembed/1.0/embed6d86]
[www.canadianchopinsociety.com/88-keys-fundraiser.html]
[www.canadianchopinsociety.com/application-thank-you.html]
[www.canadianchopinsociety.com/chopin-society.html]
[www.canadianchopinsociety.com/festival/2014-festival/passes-and-tickets/feed]
[www.canadianchopinsociety.com/wp-json/wp/v2/pages/211.json]
[www.canadianchopinsociety.com/wp-json/oembed/1.0/embed80ff.json]
[www.canadianchopinsociety.com/wp-json/oembed/1.0/embed114e]
[www.canadianchopinsociety.com/festival/2014-festival/passes-and-tickets.html]
[www.canadianchopinsociety.com/festival/2014-festival/schedule-and-events/feed]
[www.canadianchopinsociety.com/wp-json/wp/v2/pages/215.json]
[www.canadianchopinsociety.com/wp-json/oembed/1.0/embedeb1f.json]
[www.canadianchopinsociety.com/wp-json/oembed/1.0/embedec83]
[www.canadianchopinsociety.com/festival/2014-festival/schedule-and-events.html]
[www.canadianchopinsociety.com/wp-json/wp/v2/pages/2333.json]
[www.canadianchopinsociety.com/wp-json/oembed/1.0/embed9da5.json]
[www.canadianchopinsociety.com/wp-json/oembed/1.0/embedc24e]
[www.canadianchopinsociety.com/festival/2019-festival-3.html]
[www.canadianchopinsociety.com/wp-json/wp/v2/pages/2255.json]
[www.canadianchopinsociety.com/wp-json/oembed/1.0/embedfed4.json]
[www.canadianchopinsociety.com/wp-json/oembed/1.0/embed7cf7]
[www.canadianchopinsociety.com/festival/2019-festival-2.html]
[www.canadianchopinsociety.com/gallery/canadian-chopin-festival-2010/feed]
[www.canadianchopinsociety.com/wp-json/wp/v2/pages/226.json]
[www.canadianchopinsociety.com/wp-json/oembed/1.0/embed0d2d.json]
[www.canadianchopinsociety.com/wp-json/oembed/1.0/embed9489]
[www.canadianchopinsociety.com/gallery/canadian-chopin-festival-2010.html]
[www.canadianchopinsociety.com/wp-json/wp/v2/pages/1520.json]
[www.canadianchopinsociety.com/wp-json/oembed/1.0/embed5959.json]
[www.canadianchopinsociety.com/wp-json/oembed/1.0/embed6766]
[www.canadianchopinsociety.com/gallery/canadian-chopin-festival-2014.html]
[www.canadianchopinsociety.com/gallery/chopins-213th-birthday-party/feed]
[www.canadianchopinsociety.com/wp-json/wp/v2/pages/782.json]
[www.canadianchopinsociety.com/wp-json/oembed/1.0/embed4c43.json]
[www.canadianchopinsociety.com/wp-json/oembed/1.0/embed4013]
[www.canadianchopinsociety.com/gallery/chopins-213th-birthday-party.html]
[www.canadianchopinsociety.com/wp-content/uploads/2018/04/IMG_0341-150x150.jpg]
[www.canadianchopinsociety.com/wp-json/wp/v2/pages/1618.json]
[www.canadianchopinsociety.com/wp-json/oembed/1.0/embed6714.json]
[www.canadianchopinsociety.com/wp-json/oembed/1.0/embedc5e4]
[www.canadianchopinsociety.com/wp-content/uploads/2018/04/IMG_0341.jpg]
[www.canadianchopinsociety.com/wp-content/uploads/2018/04/image000000.jpg]
[www.canadianchopinsociety.com/wp-content/uploads/2018/04/image000000-150x150.jpg]
[www.canadianchopinsociety.com/wp-content/uploads/2018/04/jazz-in-june.jpg]
[www.canadianchopinsociety.com/wp-content/uploads/2018/04/jazz-in-june-150x150.jpg]
[www.canadianchopinsociety.com/wp-content/uploads/2018/09/P1010469-1024x634-2.jpg]
[www.canadianchopinsociety.com/wp-content/uploads/2018/09/P1010469-1024x634-2-150x150.jpg]
[www.canadianchopinsociety.com/wp-content/uploads/2018/04/P1010468-970x1024.jpg]
[www.canadianchopinsociety.com/wp-content/uploads/2018/04/P1010468-970x1024-150x150.jpg]
[www.canadianchopinsociety.com/wp-content/uploads/2018/04/P1010466-1024x768.jpg]
[www.canadianchopinsociety.com/wp-content/uploads/2018/04/P1010466-1024x768-150x150.jpg]
[www.canadianchopinsociety.com/wp-content/uploads/2018/04/P1010472-675x1024.jpg]
[www.canadianchopinsociety.com/wp-content/uploads/2018/04/P1010472-675x1024-150x150.jpg]
[www.canadianchopinsociety.com/wp-content/uploads/2018/04/P1010479-1024x634.jpg]
[www.canadianchopinsociety.com/wp-content/uploads/2018/04/P1010479-1024x634-150x150.jpg]
[www.canadianchopinsociety.com/wp-content/uploads/2018/04/P1010498-1024x888.jpg]
[www.canadianchopinsociety.com/wp-content/uploads/2018/04/P1010498-1024x888-150x150.jpg]
[www.canadianchopinsociety.com/wp-content/uploads/2018/04/P1010485-1024x742.jpg]
[www.canadianchopinsociety.com/wp-content/uploads/2018/04/P1010485-1024x742-150x150.jpg]
[www.canadianchopinsociety.com/wp-content/uploads/2018/04/P1010484-1024x827.jpg]
[www.canadianchopinsociety.com/wp-content/uploads/2018/04/P1010484-1024x827-150x150.jpg]
[www.canadianchopinsociety.com/wp-content/uploads/2018/04/P1010482-1024x801.jpg]
[www.canadianchopinsociety.com/wp-content/uploads/2018/04/P1010482-1024x801-150x150.jpg]
[www.canadianchopinsociety.com/wp-content/uploads/2018/04/P1010481-1024x971.jpg]
[www.canadianchopinsociety.com/wp-content/uploads/2018/04/P1010481-1024x971-150x150.jpg]
[www.canadianchopinsociety.com/wp-content/uploads/2018/04/P1010459-814x1024.jpg]
[www.canadianchopinsociety.com/wp-content/uploads/2018/04/P1010459-814x1024-150x150.jpg]
[www.canadianchopinsociety.com/wp-content/uploads/2018/04/P1010458-1024x739.jpg]
[www.canadianchopinsociety.com/wp-content/uploads/2018/04/P1010458-1024x739-150x150.jpg]
[www.canadianchopinsociety.com/wp-content/uploads/2018/04/P1010451-637x1024.jpg]
[www.canadianchopinsociety.com/wp-content/uploads/2018/04/P1010451-637x1024-150x150.jpg]
[www.canadianchopinsociety.com/wp-content/uploads/2018/04/P1010453-1024x739.jpg]
[www.canadianchopinsociety.com/wp-content/uploads/2018/04/P1010453-1024x739-150x150.jpg]
[www.canadianchopinsociety.com/wp-content/uploads/2018/04/P1010456-1024x768.jpg]
[www.canadianchopinsociety.com/wp-content/uploads/2018/04/P1010456-1024x768-150x150.jpg]
[www.canadianchopinsociety.com/wp-content/uploads/2018/04/P1010457-1024x837.jpg]
[www.canadianchopinsociety.com/wp-content/uploads/2018/04/P1010457-1024x837-150x150.jpg]
[www.canadianchopinsociety.com/wp-content/uploads/2018/08/P1010405-1024x948.jpg]
[www.canadianchopinsociety.com/wp-content/uploads/2018/08/P1010405-1024x948-150x150.jpg]
[www.canadianchopinsociety.com/wp-content/uploads/2018/08/P1010408-1024x768.jpg]
[www.canadianchopinsociety.com/wp-content/uploads/2018/08/P1010408-1024x768-150x150.jpg]
[www.canadianchopinsociety.com/wp-content/uploads/2018/08/P1010430-1024x975.jpg]
[www.canadianchopinsociety.com/wp-content/uploads/2018/08/P1010430-1024x975-150x150.jpg]
[www.canadianchopinsociety.com/wp-content/uploads/2018/08/P1010387-1024x757.jpg]
[www.canadianchopinsociety.com/wp-content/uploads/2018/08/P1010387-1024x757-150x150.jpg]
[www.canadianchopinsociety.com/wp-content/uploads/2018/04/P1010366-1024x656.jpg]
[www.canadianchopinsociety.com/wp-content/uploads/2018/04/P1010366-1024x656-150x150.jpg]
[www.canadianchopinsociety.com/wp-content/uploads/2018/04/P1010371-1024x732.jpg]
[www.canadianchopinsociety.com/wp-content/uploads/2018/04/P1010371-1024x732-150x150.jpg]
[www.canadianchopinsociety.com/wp-content/uploads/2018/04/P1010382-1024x680.jpg]
[www.canadianchopinsociety.com/wp-content/uploads/2018/04/P1010382-1024x680-150x150.jpg]
[www.canadianchopinsociety.com/wp-content/uploads/2013/02/jazzinjune_ver1-006.jpg]
[www.canadianchopinsociety.com/wp-content/uploads/2013/02/jazzinjune_ver1-006-150x150.jpg]
[www.canadianchopinsociety.com/wp-content/uploads/2013/02/DSC_0868-e1522023889403.jpg]
[www.canadianchopinsociety.com/wp-content/uploads/2013/02/DSC_0868-150x150.jpg]
[www.canadianchopinsociety.com/wp-content/uploads/2013/02/cocktailandclarinet_2016_ver3.jpg]
[www.canadianchopinsociety.com/wp-content/uploads/2013/02/cocktailandclarinet_2016_ver3-150x150.jpg]
[www.canadianchopinsociety.com/wp-content/uploads/2013/02/DSCN1453-1-e1523489833826.jpg]
[www.canadianchopinsociety.com/wp-content/uploads/2013/02/DSCN1453-1-150x150.jpg]
[www.canadianchopinsociety.com/wp-content/uploads/2013/02/DSCN1459-e1523489860401.jpg]
[www.canadianchopinsociety.com/wp-content/uploads/2013/02/DSCN1459-150x150.jpg]
[www.canadianchopinsociety.com/wp-content/uploads/2013/02/Sept11_EricLuRecital-e1522010253610.jpg]
[www.canadianchopinsociety.com/wp-content/uploads/2013/02/Sept11_EricLuRecital-150x150.jpg]
[www.canadianchopinsociety.com/wp-content/uploads/2013/02/Chopin-Lecture-CMYK-e1522011676969.jpg]
[www.canadianchopinsociety.com/wp-content/uploads/2013/02/Chopin-Lecture-CMYK-150x150.jpg]
[www.canadianchopinsociety.com/wp-content/uploads/2013/02/cocktailandclarinet_2015_ver2-e1522008532429.jpg]
[www.canadianchopinsociety.com/wp-content/uploads/2013/02/cocktailandclarinet_2015_ver2-150x150.jpg]
[www.canadianchopinsociety.com/gallery/concerts-and-events.html]
[www.canadianchopinsociety.com/wp-content/uploads/2018/04/Opening-Concert-150x150.jpg]
[www.canadianchopinsociety.com/wp-json/wp/v2/pages/1523.json]
[www.canadianchopinsociety.com/wp-json/oembed/1.0/embedca33.json]
[www.canadianchopinsociety.com/wp-json/oembed/1.0/embed369e]
[www.canadianchopinsociety.com/wp-content/uploads/2018/04/Opening-Concert.jpg]
[www.canadianchopinsociety.com/wp-content/uploads/2018/04/DSC_0999-1024x685-1-e1523495417495.jpg]
[www.canadianchopinsociety.com/wp-content/uploads/2018/04/DSC_0999-1024x685-1-150x150.jpg]
[www.canadianchopinsociety.com/wp-content/uploads/2018/04/DSC_1000-1024x685-1-e1523495432946.jpg]
[www.canadianchopinsociety.com/wp-content/uploads/2018/04/DSC_1000-1024x685-1-150x150.jpg]
[www.canadianchopinsociety.com/wp-content/uploads/2018/04/DSC_1001-1024x685-1-e1523495454324.jpg]
[www.canadianchopinsociety.com/wp-content/uploads/2018/04/DSC_1001-1024x685-1-150x150.jpg]
[www.canadianchopinsociety.com/wp-content/uploads/2018/04/DSC_1003-1024x652-1-e1523495523973.jpg]
[www.canadianchopinsociety.com/wp-content/uploads/2018/04/DSC_1003-1024x652-1-150x150.jpg]
[www.canadianchopinsociety.com/wp-content/uploads/2018/04/DSC_1004-1024x823-1-e1523496627166.jpg]
[www.canadianchopinsociety.com/wp-content/uploads/2018/04/DSC_1004-1024x823-1-150x150.jpg]
[www.canadianchopinsociety.com/wp-content/uploads/2018/04/DSC_1005-1024x858-1-e1523496670233.jpg]
[www.canadianchopinsociety.com/wp-content/uploads/2018/04/DSC_1005-1024x858-1-150x150.jpg]
[www.canadianchopinsociety.com/wp-content/uploads/2018/04/DSC_1006-1024x778-1-e1523496460290.jpg]
[www.canadianchopinsociety.com/wp-content/uploads/2018/04/DSC_1006-1024x778-1-150x150.jpg]
[www.canadianchopinsociety.com/wp-content/uploads/2018/04/DSC_1103-1024x685-1-e1523495654785.jpg]
[www.canadianchopinsociety.com/wp-content/uploads/2018/04/DSC_1103-1024x685-1-150x150.jpg]
[www.canadianchopinsociety.com/wp-content/uploads/2018/04/SaturdayShowcase.jpg]
[www.canadianchopinsociety.com/wp-content/uploads/2018/04/SaturdayShowcase-150x150.jpg]
[www.canadianchopinsociety.com/wp-content/uploads/2018/04/DSC_1017-1024x825-e1523496528647.jpg]
[www.canadianchopinsociety.com/wp-content/uploads/2018/04/DSC_1017-1024x825-150x150.jpg]
[www.canadianchopinsociety.com/wp-content/uploads/2018/04/DSC_1019-1024x666-e1523496286502.jpg]
[www.canadianchopinsociety.com/wp-content/uploads/2018/04/DSC_1019-1024x666-150x150.jpg]
[www.canadianchopinsociety.com/wp-content/uploads/2018/04/DSC_1010-1024x685-e1523496348982.jpg]
[www.canadianchopinsociety.com/wp-content/uploads/2018/04/DSC_1010-1024x685-150x150.jpg]
[www.canadianchopinsociety.com/wp-content/uploads/2018/04/DSC_1024-1024x668-e1523496267669.jpg]
[www.canadianchopinsociety.com/wp-content/uploads/2018/04/DSC_1024-1024x668-150x150.jpg]
[www.canadianchopinsociety.com/wp-content/uploads/2018/04/20141018_112005_2.jpg]
[www.canadianchopinsociety.com/wp-content/uploads/2018/04/20141018_112005_2-150x150.jpg]
[www.canadianchopinsociety.com/wp-content/uploads/2018/04/20141018_113610-561x1024.jpg]
[www.canadianchopinsociety.com/wp-content/uploads/2018/04/20141018_113610-561x1024-150x150.jpg]
[www.canadianchopinsociety.com/wp-content/uploads/2018/04/DSC_1023-1024x678-e1523496327375.jpg]
[www.canadianchopinsociety.com/wp-content/uploads/2018/04/DSC_1023-1024x678-150x150.jpg]
[www.canadianchopinsociety.com/wp-content/uploads/2018/04/DSC_1020-1024x668-e1523496304614.jpg]
[www.canadianchopinsociety.com/wp-content/uploads/2018/04/DSC_1020-1024x668-150x150.jpg]
[www.canadianchopinsociety.com/wp-content/uploads/2018/04/20141018_104548_1-576x1024.jpg]
[www.canadianchopinsociety.com/wp-content/uploads/2018/04/20141018_104548_1-576x1024-150x150.jpg]
[www.canadianchopinsociety.com/wp-content/uploads/2018/04/20141018_110013-690x1024.jpg]
[www.canadianchopinsociety.com/wp-content/uploads/2018/04/20141018_110013-690x1024-150x150.jpg]
[www.canadianchopinsociety.com/wp-content/uploads/2018/04/20141018_110244-644x1024.jpg]
[www.canadianchopinsociety.com/wp-content/uploads/2018/04/20141018_110244-644x1024-150x150.jpg]
[www.canadianchopinsociety.com/wp-content/uploads/2018/04/DSCN1280.jpg]
[www.canadianchopinsociety.com/wp-content/uploads/2018/04/DSCN1280-150x150.jpg]
[www.canadianchopinsociety.com/wp-content/uploads/2018/04/PastedGraphic-18.jpg]
[www.canadianchopinsociety.com/wp-content/uploads/2018/04/PastedGraphic-18-150x150.jpg]
[www.canadianchopinsociety.com/wp-content/uploads/2018/04/DSC_1032-1024x831_preview-e1524004067186.jpg]
[www.canadianchopinsociety.com/wp-content/uploads/2018/04/DSC_1032-1024x831_preview-150x150.jpg]
[www.canadianchopinsociety.com/wp-content/uploads/2018/04/DSC_1035-1024x667_preview-e1524004091832.jpg]
[www.canadianchopinsociety.com/wp-content/uploads/2018/04/DSC_1035-1024x667_preview-150x150.jpg]
[www.canadianchopinsociety.com/wp-content/uploads/2018/04/DSC_1039-1024x938_preview-e1524004115646.jpg]
[www.canadianchopinsociety.com/wp-content/uploads/2018/04/DSC_1039-1024x938_preview-150x150.jpg]
[www.canadianchopinsociety.com/wp-content/uploads/2018/04/DSC_1057-1024x672_preview-e1524004148191.jpg]
[www.canadianchopinsociety.com/wp-content/uploads/2018/04/DSC_1057-1024x672_preview-150x150.jpg]
[www.canadianchopinsociety.com/wp-content/uploads/2018/04/DSC_1041-1024x684_preview-e1524004132154.jpg]
[www.canadianchopinsociety.com/wp-content/uploads/2018/04/DSC_1041-1024x684_preview-150x150.jpg]
[www.canadianchopinsociety.com/wp-content/uploads/2018/04/DSC_1071-1024x666-e1524004564962.jpg]
[www.canadianchopinsociety.com/wp-content/uploads/2018/04/DSC_1071-1024x666-150x150.jpg]
[www.canadianchopinsociety.com/wp-content/uploads/2018/04/DSC_1077-1024x666-e1524004582736.jpg]
[www.canadianchopinsociety.com/wp-content/uploads/2018/04/DSC_1077-1024x666-150x150.jpg]
[www.canadianchopinsociety.com/wp-content/uploads/2018/04/DSC_1080-1024x566-e1524004616518.jpg]
[www.canadianchopinsociety.com/wp-content/uploads/2018/04/DSC_1080-1024x566-150x150.jpg]
[www.canadianchopinsociety.com/wp-content/uploads/2018/04/DSC_1074-1024x861-e1524004634221.jpg]
[www.canadianchopinsociety.com/wp-content/uploads/2018/04/DSC_1074-1024x861-150x150.jpg]
[www.canadianchopinsociety.com/wp-content/uploads/2018/04/PastedGraphic-20.jpg]
[www.canadianchopinsociety.com/wp-content/uploads/2018/04/PastedGraphic-20-150x112.jpg]
[www.canadianchopinsociety.com/wp-content/uploads/2018/04/20141018_151154-1024x773.jpg]
[www.canadianchopinsociety.com/wp-content/uploads/2018/04/20141018_151154-1024x773-150x150.jpg]
[www.canadianchopinsociety.com/wp-content/uploads/2018/04/20141018_154045_2-539x1024.jpg]
[www.canadianchopinsociety.com/wp-content/uploads/2018/04/20141018_154045_2-539x1024-150x150.jpg]
[www.canadianchopinsociety.com/wp-content/uploads/2018/04/20141018_153828-576x1024.jpg]
[www.canadianchopinsociety.com/wp-content/uploads/2018/04/20141018_153828-576x1024-150x150.jpg]
[www.canadianchopinsociety.com/wp-content/uploads/2018/04/PastedGraphic-23.jpg]
[www.canadianchopinsociety.com/wp-content/uploads/2018/04/PastedGraphic-23-150x150.jpg]
[www.canadianchopinsociety.com/wp-content/uploads/2018/04/DSC_1226-1024x888-1.jpg]
[www.canadianchopinsociety.com/wp-content/uploads/2018/04/DSC_1226-1024x888-1-150x150.jpg]
[www.canadianchopinsociety.com/wp-content/uploads/2018/04/DSC_1104-1024x685.jpg]
[www.canadianchopinsociety.com/wp-content/uploads/2018/04/DSC_1104-1024x685-150x150.jpg]
[www.canadianchopinsociety.com/wp-content/uploads/2018/04/DSC_1107-1024x923.jpg]
[www.canadianchopinsociety.com/wp-content/uploads/2018/04/DSC_1107-1024x923-150x150.jpg]
[www.canadianchopinsociety.com/wp-content/uploads/2018/04/DSC_1108-1024x863.jpg]
[www.canadianchopinsociety.com/wp-content/uploads/2018/04/DSC_1108-1024x863-150x150.jpg]
[www.canadianchopinsociety.com/wp-content/uploads/2018/04/ChopinJury2014-1.jpg]
[www.canadianchopinsociety.com/wp-content/uploads/2018/04/ChopinJury2014-1-150x150.jpg]
[www.canadianchopinsociety.com/wp-content/uploads/2018/04/PastedGraphic-25.jpg]
[www.canadianchopinsociety.com/wp-content/uploads/2018/04/PastedGraphic-25-150x150.jpg]
[www.canadianchopinsociety.com/wp-content/uploads/2018/04/DSC_1149-1024x685.jpg]
[www.canadianchopinsociety.com/wp-content/uploads/2018/04/DSC_1149-1024x685-150x150.jpg]
[www.canadianchopinsociety.com/wp-content/uploads/2018/04/DSC_1150-1024x685.jpg]
[www.canadianchopinsociety.com/wp-content/uploads/2018/04/DSC_1150-1024x685-150x150.jpg]
[www.canadianchopinsociety.com/wp-content/uploads/2018/04/PastedGraphic-27.jpg]
[www.canadianchopinsociety.com/wp-content/uploads/2018/04/PastedGraphic-27-150x150.jpg]
[www.canadianchopinsociety.com/wp-content/uploads/2018/04/IMG_5920.jpg]
[www.canadianchopinsociety.com/wp-content/uploads/2018/04/IMG_5920-150x150.jpg]
[www.canadianchopinsociety.com/wp-content/uploads/2018/04/20141022_200938-1.jpg]
[www.canadianchopinsociety.com/wp-content/uploads/2018/04/20141022_200938-1-150x150.jpg]
[www.canadianchopinsociety.com/wp-content/uploads/2018/04/20141022_191858-e1523903398461.jpg]
[www.canadianchopinsociety.com/wp-content/uploads/2018/04/20141022_191858-150x150.jpg]
[www.canadianchopinsociety.com/wp-content/uploads/2018/04/PastedGraphic-32.jpg]
[www.canadianchopinsociety.com/wp-content/uploads/2018/04/PastedGraphic-32-150x150.jpg]
[www.canadianchopinsociety.com/wp-content/uploads/2018/04/DSC_1237-1024x798.jpg]
[www.canadianchopinsociety.com/wp-content/uploads/2018/04/DSC_1237-1024x798-150x150.jpg]
[www.canadianchopinsociety.com/wp-content/uploads/2018/04/DSC_1239-1024x685.jpg]
[www.canadianchopinsociety.com/wp-content/uploads/2018/04/DSC_1239-1024x685-150x150.jpg]
[www.canadianchopinsociety.com/wp-content/uploads/2018/04/DSC_1238-1024x685.jpg]
[www.canadianchopinsociety.com/wp-content/uploads/2018/04/DSC_1238-1024x685-150x150.jpg]
[www.canadianchopinsociety.com/wp-content/uploads/2018/04/DSC_1244-1024x685.jpg]
[www.canadianchopinsociety.com/wp-content/uploads/2018/04/DSC_1244-1024x685-150x150.jpg]
[www.canadianchopinsociety.com/wp-content/uploads/2018/04/DSC_1242-1024x1009.jpg]
[www.canadianchopinsociety.com/wp-content/uploads/2018/04/DSC_1242-1024x1009-150x150.jpg]
[www.canadianchopinsociety.com/wp-content/uploads/2018/04/DSC_1229-981x1024.jpg]
[www.canadianchopinsociety.com/wp-content/uploads/2018/04/DSC_1229-981x1024-150x150.jpg]
[www.canadianchopinsociety.com/wp-content/uploads/2018/04/DSC_1230-1024x927.jpg]
[www.canadianchopinsociety.com/wp-content/uploads/2018/04/DSC_1230-1024x927-150x150.jpg]
[www.canadianchopinsociety.com/wp-content/uploads/2018/04/DSC_1231-1024x918-3.jpg]
[www.canadianchopinsociety.com/wp-content/uploads/2018/04/DSC_1231-1024x918-3-150x150.jpg]
[www.canadianchopinsociety.com/wp-content/uploads/2018/04/DSC_1233-1024x685-1.jpg]
[www.canadianchopinsociety.com/wp-content/uploads/2018/04/DSC_1233-1024x685-1-150x150.jpg]
[www.canadianchopinsociety.com/wp-content/uploads/2018/04/DSC_1236-1024x745-2.jpg]
[www.canadianchopinsociety.com/wp-content/uploads/2018/04/DSC_1236-1024x745-2-150x150.jpg]
[www.canadianchopinsociety.com/wp-content/uploads/2018/04/DSC_1235-1024x685-2.jpg]
[www.canadianchopinsociety.com/wp-content/uploads/2018/04/DSC_1235-1024x685-2-150x150.jpg]
[www.canadianchopinsociety.com/wp-content/uploads/2018/04/DSC_1227-1024x691-2.jpg]
[www.canadianchopinsociety.com/wp-content/uploads/2018/04/DSC_1227-1024x691-2-150x150.jpg]
[www.canadianchopinsociety.com/wp-content/uploads/2018/04/PastedGraphic-33.jpg]
[www.canadianchopinsociety.com/wp-content/uploads/2018/04/PastedGraphic-33-150x150.jpg]
[www.canadianchopinsociety.com/wp-content/uploads/2018/04/IMG_5931_preview-e1524003458350.jpg]
[www.canadianchopinsociety.com/wp-content/uploads/2018/04/IMG_5931_preview-150x150.jpg]
[www.canadianchopinsociety.com/wp-content/uploads/2018/04/IMG_5945-e1524003484932.jpg]
[www.canadianchopinsociety.com/wp-content/uploads/2018/04/IMG_5945-150x150.jpg]
[www.canadianchopinsociety.com/wp-content/uploads/2018/04/DSC_1097-1024x685.jpg]
[www.canadianchopinsociety.com/wp-content/uploads/2018/04/DSC_1097-1024x685-150x150.jpg]
[www.canadianchopinsociety.com/wp-content/uploads/2018/04/JuniorCompetitionWinners_preview.jpg]
[www.canadianchopinsociety.com/wp-content/uploads/2018/04/JuniorCompetitionWinners_preview-150x150.jpg]
[www.canadianchopinsociety.com/wp-content/uploads/2018/04/DSC_1212-1024x670.jpg]
[www.canadianchopinsociety.com/wp-content/uploads/2018/04/DSC_1212-1024x670-150x150.jpg]
[www.canadianchopinsociety.com/wp-content/uploads/2018/04/DSC_1217-1024x685.jpg]
[www.canadianchopinsociety.com/wp-content/uploads/2018/04/DSC_1217-1024x685-150x150.jpg]
[www.canadianchopinsociety.com/wp-content/uploads/2018/04/DSC_1220-1024x685.jpg]
[www.canadianchopinsociety.com/wp-content/uploads/2018/04/DSC_1220-1024x685-150x150.jpg]
[www.canadianchopinsociety.com/wp-content/uploads/2018/04/PastedGraphic-35.jpg]
[www.canadianchopinsociety.com/wp-content/uploads/2018/04/PastedGraphic-35-150x150.jpg]
[www.canadianchopinsociety.com/wp-content/uploads/2018/04/DSC_0047-1024x685.jpg]
[www.canadianchopinsociety.com/wp-content/uploads/2018/04/DSC_0047-1024x685-150x150.jpg]
[www.canadianchopinsociety.com/wp-content/uploads/2018/04/DSC_0048-1024x685.jpg]
[www.canadianchopinsociety.com/wp-content/uploads/2018/04/DSC_0048-1024x685-150x150.jpg]
[www.canadianchopinsociety.com/wp-content/uploads/2018/04/DSC_0049-1024x685.jpg]
[www.canadianchopinsociety.com/wp-content/uploads/2018/04/DSC_0049-1024x685-150x150.jpg]
[www.canadianchopinsociety.com/wp-content/uploads/2018/04/DSC_0045-1024x670-1.jpg]
[www.canadianchopinsociety.com/wp-content/uploads/2018/04/DSC_0045-1024x670-1-150x150.jpg]
[www.canadianchopinsociety.com/wp-content/uploads/2018/04/DSC_0046-1024x684.jpg]
[www.canadianchopinsociety.com/wp-content/uploads/2018/04/DSC_0046-1024x684-150x150.jpg]
[www.canadianchopinsociety.com/wp-content/uploads/2018/04/DSC_0044-1024x657.jpg]
[www.canadianchopinsociety.com/wp-content/uploads/2018/04/DSC_0044-1024x657-150x150.jpg]
[www.canadianchopinsociety.com/wp-content/uploads/2018/04/DSC_0027-1024x685.jpg]
[www.canadianchopinsociety.com/wp-content/uploads/2018/04/DSC_0027-1024x685-150x150.jpg]
[www.canadianchopinsociety.com/wp-content/uploads/2018/04/DSC_0025-1024x685.jpg]
[www.canadianchopinsociety.com/wp-content/uploads/2018/04/DSC_0025-1024x685-150x150.jpg]
[www.canadianchopinsociety.com/wp-content/uploads/2018/04/DSC_0023-1024x817.jpg]
[www.canadianchopinsociety.com/wp-content/uploads/2018/04/DSC_0023-1024x817-150x150.jpg]
[www.canadianchopinsociety.com/wp-content/uploads/2018/04/DSC_0029-1024x677.jpg]
[www.canadianchopinsociety.com/wp-content/uploads/2018/04/DSC_0029-1024x677-150x150.jpg]
[www.canadianchopinsociety.com/wp-content/uploads/2018/04/Christopher20Yeung2c20Coco20Ma2c20and20George20Hua_preview.jpg]
[www.canadianchopinsociety.com/wp-content/uploads/2018/04/Christopher20Yeung2c20Coco20Ma2c20and20George20Hua_preview-150x150.jpg]
[www.canadianchopinsociety.com/wp-content/uploads/2018/04/DSC_0304_preview.jpg]
[www.canadianchopinsociety.com/wp-content/uploads/2018/04/DSC_0304_preview-150x150.jpg]
[www.canadianchopinsociety.com/wp-content/uploads/2018/04/DSC_0061-1024x669.jpg]
[www.canadianchopinsociety.com/wp-content/uploads/2018/04/DSC_0061-1024x669-150x150.jpg]
[www.canadianchopinsociety.com/wp-content/uploads/2018/04/DSC_0060-1024x685.jpg]
[www.canadianchopinsociety.com/wp-content/uploads/2018/04/DSC_0060-1024x685-150x150.jpg]
[www.canadianchopinsociety.com/wp-content/uploads/2018/04/DSC_0058-1024x685.jpg]
[www.canadianchopinsociety.com/wp-content/uploads/2018/04/DSC_0058-1024x685-150x150.jpg]
[www.canadianchopinsociety.com/wp-content/uploads/2018/04/DSC_0057-1024x685.jpg]
[www.canadianchopinsociety.com/wp-content/uploads/2018/04/DSC_0057-1024x685-150x150.jpg]
[www.canadianchopinsociety.com/wp-content/uploads/2018/04/DSC_0055-1024x802.jpg]
[www.canadianchopinsociety.com/wp-content/uploads/2018/04/DSC_0055-1024x802-150x150.jpg]
[www.canadianchopinsociety.com/wp-content/uploads/2018/04/DSC_0054-1024x938.jpg]
[www.canadianchopinsociety.com/wp-content/uploads/2018/04/DSC_0054-1024x938-150x150.jpg]
[www.canadianchopinsociety.com/wp-content/uploads/2018/04/DSC_0040-1024x888-1.jpg]
[www.canadianchopinsociety.com/wp-content/uploads/2018/04/DSC_0040-1024x888-1-150x150.jpg]
[www.canadianchopinsociety.com/wp-content/uploads/2018/04/DSC_0039-1024x774.jpg]
[www.canadianchopinsociety.com/wp-content/uploads/2018/04/DSC_0039-1024x774-150x150.jpg]
[www.canadianchopinsociety.com/wp-content/uploads/2018/04/DSC_0038-1024x917.jpg]
[www.canadianchopinsociety.com/wp-content/uploads/2018/04/DSC_0038-1024x917-150x150.jpg]
[www.canadianchopinsociety.com/wp-content/uploads/2018/04/DSC_0037-1024x877-1.jpg]
[www.canadianchopinsociety.com/wp-content/uploads/2018/04/DSC_0037-1024x877-1-150x150.jpg]
[www.canadianchopinsociety.com/wp-content/uploads/2018/04/DSC_0036-1024x946.jpg]
[www.canadianchopinsociety.com/wp-content/uploads/2018/04/DSC_0036-1024x946-150x150.jpg]
[www.canadianchopinsociety.com/wp-content/uploads/2018/04/DSC_0035-1024x901.jpg]
[www.canadianchopinsociety.com/wp-content/uploads/2018/04/DSC_0035-1024x901-150x150.jpg]
[www.canadianchopinsociety.com/wp-content/uploads/2018/04/DSC_0034-1024x669.jpg]
[www.canadianchopinsociety.com/wp-content/uploads/2018/04/DSC_0034-1024x669-150x150.jpg]
[www.canadianchopinsociety.com/wp-content/uploads/2018/04/DSC_0033-1024x668-1.jpg]
[www.canadianchopinsociety.com/wp-content/uploads/2018/04/DSC_0033-1024x668-1-150x150.jpg]
[www.canadianchopinsociety.com/wp-content/uploads/2018/04/DSC_0032-1024x757.jpg]
[www.canadianchopinsociety.com/wp-content/uploads/2018/04/DSC_0032-1024x757-150x150.jpg]
[www.canadianchopinsociety.com/wp-content/uploads/2018/04/DSC_0031-1024x661.jpg]
[www.canadianchopinsociety.com/wp-content/uploads/2018/04/DSC_0031-1024x661-150x150.jpg]
[www.canadianchopinsociety.com/wp-content/uploads/2018/04/DSC_0030-1024x859-2.jpg]
[www.canadianchopinsociety.com/wp-content/uploads/2018/04/DSC_0030-1024x859-2-150x150.jpg]
[www.canadianchopinsociety.com/wp-content/uploads/2018/04/Tony20Yike20Yang2c20Victoria20Wong2c20and20Alexander20Seredenko_preview.jpg]
[www.canadianchopinsociety.com/wp-content/uploads/2018/04/Tony20Yike20Yang2c20Victoria20Wong2c20and20Alexander20Seredenko_preview-150x150.jpg]
[www.canadianchopinsociety.com/wp-content/uploads/2018/04/DSC_0041-1024x656-1.jpg]
[www.canadianchopinsociety.com/wp-content/uploads/2018/04/DSC_0041-1024x656-1-150x150.jpg]
[www.canadianchopinsociety.com/wp-content/uploads/2018/04/DSC_0042-1024x561-1.jpg]
[www.canadianchopinsociety.com/wp-content/uploads/2018/04/DSC_0042-1024x561-1-150x150.jpg]
[www.canadianchopinsociety.com/wp-content/uploads/2018/04/DSC_0050-1024x662.jpg]
[www.canadianchopinsociety.com/wp-content/uploads/2018/04/DSC_0050-1024x662-150x150.jpg]
[www.canadianchopinsociety.com/wp-content/uploads/2018/04/DSC_0051-1024x939.jpg]
[www.canadianchopinsociety.com/wp-content/uploads/2018/04/DSC_0051-1024x939-150x150.jpg]
[www.canadianchopinsociety.com/wp-content/uploads/2018/04/DSC_0052-1024x815.jpg]
[www.canadianchopinsociety.com/wp-content/uploads/2018/04/DSC_0052-1024x815-150x150.jpg]
[www.canadianchopinsociety.com/wp-content/uploads/2018/04/DSC_0053-1024x673.jpg]
[www.canadianchopinsociety.com/wp-content/uploads/2018/04/DSC_0053-1024x673-150x150.jpg]
[www.canadianchopinsociety.com/wp-content/uploads/2018/04/IMG_5992_preview.jpg]
[www.canadianchopinsociety.com/wp-content/uploads/2018/04/IMG_5992_preview-150x150.jpg]
[www.canadianchopinsociety.com/gallery/fourth-canadian-chopin-piano-competition-festival-2014.html]
[www.canadianchopinsociety.com/wp-content/uploads/2018/04/20151012_193021-150x150.jpg]
[www.canadianchopinsociety.com/wp-json/wp/v2/pages/1525.json]
[www.canadianchopinsociety.com/wp-json/oembed/1.0/embed5198.json]
[www.canadianchopinsociety.com/wp-json/oembed/1.0/embed76ee]
[www.canadianchopinsociety.com/wp-content/uploads/2018/04/20151012_193021-e1523029461157.jpg]
[www.canadianchopinsociety.com/wp-content/uploads/2018/04/20151012_193008-e1523130725842.jpg]
[www.canadianchopinsociety.com/wp-content/uploads/2018/04/20151012_193008-150x150.jpg]
[www.canadianchopinsociety.com/wp-content/uploads/2018/04/11165079_682087295253620_1864061617681806730_o-e1523462176331.jpg]
[www.canadianchopinsociety.com/wp-content/uploads/2018/04/11165079_682087295253620_1864061617681806730_o-150x150.jpg]
[www.canadianchopinsociety.com/wp-content/uploads/2018/04/20151012_204659-e1523462101601.jpg]
[www.canadianchopinsociety.com/wp-content/uploads/2018/04/20151012_204659-150x150.jpg]
[www.canadianchopinsociety.com/wp-content/uploads/2018/04/grzedzinski_20151016_556-e1523461420160.jpg]
[www.canadianchopinsociety.com/wp-content/uploads/2018/04/grzedzinski_20151016_556-150x150.jpg]
[www.canadianchopinsociety.com/wp-content/uploads/2018/04/bsa20151007_154.jpg]
[www.canadianchopinsociety.com/wp-content/uploads/2018/04/bsa20151007_154-150x150.jpg]
[www.canadianchopinsociety.com/wp-content/uploads/2018/04/bsa20151007_158.jpg]
[www.canadianchopinsociety.com/wp-content/uploads/2018/04/bsa20151007_158-150x150.jpg]
[www.canadianchopinsociety.com/wp-content/uploads/2018/04/bsa20151012_202.jpg]
[www.canadianchopinsociety.com/wp-content/uploads/2018/04/bsa20151012_202-150x150.jpg]
[www.canadianchopinsociety.com/wp-content/uploads/2018/04/bsa20151012_205.jpg]
[www.canadianchopinsociety.com/wp-content/uploads/2018/04/bsa20151012_205-150x150.jpg]
[www.canadianchopinsociety.com/wp-content/uploads/2018/04/bsa20151016_110-e1523462316980.jpg]
[www.canadianchopinsociety.com/wp-content/uploads/2018/04/bsa20151016_110-150x150.jpg]
[www.canadianchopinsociety.com/wp-content/uploads/2018/04/bsa20151020_227-e1523462347128.jpg]
[www.canadianchopinsociety.com/wp-content/uploads/2018/04/bsa20151020_227-150x150.jpg]
[www.canadianchopinsociety.com/wp-content/uploads/2018/04/bsa20151021_56-e1523462377152.jpg]
[www.canadianchopinsociety.com/wp-content/uploads/2018/04/bsa20151021_56-150x150.jpg]
[www.canadianchopinsociety.com/wp-content/uploads/2018/04/bsa20151021_413.jpg]
[www.canadianchopinsociety.com/wp-content/uploads/2018/04/bsa20151021_413-150x150.jpg]
[www.canadianchopinsociety.com/wp-content/uploads/2018/04/IMG_9282.jpg]
[www.canadianchopinsociety.com/wp-content/uploads/2018/04/IMG_9282-150x150.jpg]
[www.canadianchopinsociety.com/wp-content/uploads/2018/04/tony_yang.jpg]
[www.canadianchopinsociety.com/wp-content/uploads/2018/04/tony_yang-150x150.jpg]
[www.canadianchopinsociety.com/wp-content/uploads/2018/04/yang_fot.szymon_kluz.jpg]
[www.canadianchopinsociety.com/wp-content/uploads/2018/04/yang_fot.szymon_kluz-150x150.jpg]
[www.canadianchopinsociety.com/wp-content/uploads/2018/04/yang_tony_yike_1_upscaled.jpg]
[www.canadianchopinsociety.com/wp-content/uploads/2018/04/yang_tony_yike_1_upscaled-150x150.jpg]
[www.canadianchopinsociety.com/wp-content/uploads/2018/04/yike_tony_yang_20150422_101.jpg]
[www.canadianchopinsociety.com/wp-content/uploads/2018/04/yike_tony_yang_20150422_101-150x150.jpg]
[www.canadianchopinsociety.com/wp-content/uploads/2018/04/yike_tony_yang_20150422_742.jpg]
[www.canadianchopinsociety.com/wp-content/uploads/2018/04/yike_tony_yang_20150422_742-150x150.jpg]
[www.canadianchopinsociety.com/wp-content/uploads/2018/04/IMG_9429_preview-e1523464642786.jpg]
[www.canadianchopinsociety.com/wp-content/uploads/2018/04/IMG_9429_preview-150x150.jpg]
[www.canadianchopinsociety.com/wp-content/uploads/2018/04/grzedzinski_20151020_025.jpg]
[www.canadianchopinsociety.com/wp-content/uploads/2018/04/grzedzinski_20151020_025-150x150.jpg]
[www.canadianchopinsociety.com/wp-content/uploads/2018/04/grzedzinski_20151021_043-e1523464675320.jpg]
[www.canadianchopinsociety.com/wp-content/uploads/2018/04/grzedzinski_20151021_043-150x150.jpg]
[www.canadianchopinsociety.com/wp-content/uploads/2018/04/IMG_2690-copy_preview-e1523481661279.jpg]
[www.canadianchopinsociety.com/wp-content/uploads/2018/04/IMG_2690-copy_preview-150x150.jpg]
[www.canadianchopinsociety.com/wp-content/uploads/2018/04/IMG_0107-1-e1523464336922.jpg]
[www.canadianchopinsociety.com/wp-content/uploads/2018/04/IMG_0107-1-150x150.jpg]
[www.canadianchopinsociety.com/wp-content/uploads/2018/04/bsa20151021_411-e1523462398355.jpg]
[www.canadianchopinsociety.com/wp-content/uploads/2018/04/bsa20151021_411-150x150.jpg]
[www.canadianchopinsociety.com/wp-content/uploads/2018/04/grzedzinski_20151016_483-1-1.jpg]
[www.canadianchopinsociety.com/wp-content/uploads/2018/04/grzedzinski_20151016_483-1-1-150x150.jpg]
[www.canadianchopinsociety.com/wp-content/uploads/2018/04/grzedzinski_20151020_540-e1523464571777.jpg]
[www.canadianchopinsociety.com/wp-content/uploads/2018/04/grzedzinski_20151020_540-150x150.jpg]
[www.canadianchopinsociety.com/wp-content/uploads/2018/04/IMG_9489_preview-e1523481692228.jpg]
[www.canadianchopinsociety.com/wp-content/uploads/2018/04/IMG_9489_preview-150x150.jpg]
[www.canadianchopinsociety.com/wp-content/uploads/2018/04/bsa20151021_08-e1523462256675.jpg]
[www.canadianchopinsociety.com/wp-content/uploads/2018/04/bsa20151021_08-150x150.jpg]
[www.canadianchopinsociety.com/wp-content/uploads/2018/04/IMG_9491_preview-e1523481726159.jpg]
[www.canadianchopinsociety.com/wp-content/uploads/2018/04/IMG_9491_preview-150x150.jpg]
[www.canadianchopinsociety.com/wp-content/uploads/2018/04/Janet-and-Eva-at-2015-Chopin-Competition-in-Warsaw-e1523488182932.jpg]
[www.canadianchopinsociety.com/wp-content/uploads/2018/04/Janet-and-Eva-at-2015-Chopin-Competition-in-Warsaw-150x150.jpg]
[www.canadianchopinsociety.com/wp-content/uploads/2018/04/Tony-in-Warsaw-3-e1523488252415.jpg]
[www.canadianchopinsociety.com/wp-content/uploads/2018/04/Tony-in-Warsaw-3-150x150.jpg]
[www.canadianchopinsociety.com/gallery/international-chopin-piano-competition-2015.html]
[www.canadianchopinsociety.com/wp-content/uploads/2013/01/icc-10-01-150x150.jpg]
[www.canadianchopinsociety.com/gallery/international-chopin-competition-2010/feed]
[www.canadianchopinsociety.com/wp-json/wp/v2/pages/228.json]
[www.canadianchopinsociety.com/wp-json/oembed/1.0/embedec01.json]
[www.canadianchopinsociety.com/wp-json/oembed/1.0/embeda958]
[www.canadianchopinsociety.com/wp-content/uploads/2013/01/icc-10-01.jpg]
[www.canadianchopinsociety.com/wp-content/uploads/2013/01/icc-10-02.jpg]
[www.canadianchopinsociety.com/wp-content/uploads/2013/01/icc-10-02-150x150.jpg]
[www.canadianchopinsociety.com/wp-content/uploads/2013/01/icc-10-03.jpg]
[www.canadianchopinsociety.com/wp-content/uploads/2013/01/icc-10-03-150x150.jpg]
[www.canadianchopinsociety.com/wp-content/uploads/2013/01/icc-10-04.jpg]
[www.canadianchopinsociety.com/wp-content/uploads/2013/01/icc-10-04-150x150.jpg]
[www.canadianchopinsociety.com/wp-content/uploads/2013/01/icc-10-05.jpg]
[www.canadianchopinsociety.com/wp-content/uploads/2013/01/icc-10-05-150x150.jpg]
[www.canadianchopinsociety.com/gallery/international-chopin-competition-2010.html]
[www.canadianchopinsociety.com/wp-content/uploads/2013/02/cocktailsnclarinet_ver5_small-150x150.jpg]
[www.canadianchopinsociety.com/gallery/past-concerts-events/feed]
[www.canadianchopinsociety.com/wp-json/wp/v2/pages/253.json]
[www.canadianchopinsociety.com/wp-json/oembed/1.0/embed9bee.json]
[www.canadianchopinsociety.com/wp-json/oembed/1.0/embed8395]
[www.canadianchopinsociety.com/wp-content/uploads/2013/02/cocktailsnclarinet_ver5_small.jpg]
[www.canadianchopinsociety.com/wp-content/uploads/2013/02/DSCN1270-e1522003828702.jpg]
[www.canadianchopinsociety.com/wp-content/uploads/2013/02/DSCN1270-150x150.jpg]
[www.canadianchopinsociety.com/wp-content/uploads/2013/02/DSCN1277-e1522004461867.jpg]
[www.canadianchopinsociety.com/wp-content/uploads/2013/02/DSCN1277-150x150.jpg]
[www.canadianchopinsociety.com/wp-content/uploads/2013/02/DSCN1275-e1522003846683.jpg]
[www.canadianchopinsociety.com/wp-content/uploads/2013/02/DSCN1275-150x150.jpg]
[www.canadianchopinsociety.com/wp-content/uploads/2013/02/DSCN1161-1-e1522003805283.jpg]
[www.canadianchopinsociety.com/wp-content/uploads/2013/02/DSCN1161-1-150x150.jpg]
[www.canadianchopinsociety.com/wp-content/uploads/2013/02/DSCN1279-e1522003863320.jpg]
[www.canadianchopinsociety.com/wp-content/uploads/2013/02/DSCN1279-150x150.jpg]
[www.canadianchopinsociety.com/wp-content/uploads/2013/02/June-1-2014-Invitation-e1522007600403.jpg]
[www.canadianchopinsociety.com/wp-content/uploads/2013/02/June-1-2014-Invitation-150x150.jpg]
[www.canadianchopinsociety.com/wp-content/uploads/2013/02/DSC_0978-e1522003787833.jpg]
[www.canadianchopinsociety.com/wp-content/uploads/2013/02/DSC_0978-150x150.jpg]
[www.canadianchopinsociety.com/wp-content/uploads/2013/02/DSC_0971-e1522003770305.jpg]
[www.canadianchopinsociety.com/wp-content/uploads/2013/02/DSC_0971-150x150.jpg]
[www.canadianchopinsociety.com/wp-content/uploads/2013/02/DSC_0987-e1522003744942.jpg]
[www.canadianchopinsociety.com/wp-content/uploads/2013/02/DSC_0987-150x150.jpg]
[www.canadianchopinsociety.com/wp-content/uploads/2013/02/June12-Flyer-Founders-e1522007179889.jpg]
[www.canadianchopinsociety.com/wp-content/uploads/2013/02/June12-Flyer-Founders-150x150.jpg]
[www.canadianchopinsociety.com/wp-content/uploads/2013/02/DSCN0524-e1522255083424.jpg]
[www.canadianchopinsociety.com/wp-content/uploads/2013/02/DSCN0524-150x150.jpg]
[www.canadianchopinsociety.com/wp-content/uploads/2013/04/c-bday-1.jpg]
[www.canadianchopinsociety.com/wp-content/uploads/2013/04/c-bday-1-150x150.jpg]
[www.canadianchopinsociety.com/wp-content/uploads/2013/04/c-bday-4.jpg]
[www.canadianchopinsociety.com/wp-content/uploads/2013/04/c-bday-4-150x150.jpg]
[www.canadianchopinsociety.com/wp-content/uploads/2013/04/c-bday-6.jpg]
[www.canadianchopinsociety.com/wp-content/uploads/2013/04/c-bday-6-150x150.jpg]
[www.canadianchopinsociety.com/wp-content/uploads/2013/04/c-bday-9.jpg]
[www.canadianchopinsociety.com/wp-content/uploads/2013/04/c-bday-9-150x150.jpg]
[www.canadianchopinsociety.com/wp-content/uploads/2013/04/c-bday-10.jpg]
[www.canadianchopinsociety.com/wp-content/uploads/2013/04/c-bday-10-150x150.jpg]
[www.canadianchopinsociety.com/wp-content/uploads/2013/04/c-bday-8.jpg]
[www.canadianchopinsociety.com/wp-content/uploads/2013/04/c-bday-8-150x150.jpg]
[www.canadianchopinsociety.com/wp-content/uploads/2013/04/c-bday-3.jpg]
[www.canadianchopinsociety.com/wp-content/uploads/2013/04/c-bday-3-150x150.jpg]
[www.canadianchopinsociety.com/wp-content/uploads/2013/04/c-bday-2.jpg]
[www.canadianchopinsociety.com/wp-content/uploads/2013/04/c-bday-2-150x150.jpg]
[www.canadianchopinsociety.com/wp-content/uploads/2013/04/c-bday-7.jpg]
[www.canadianchopinsociety.com/wp-content/uploads/2013/04/c-bday-7-150x150.jpg]
[www.canadianchopinsociety.com/wp-content/uploads/2013/02/Flyer-e1522006693665.jpg]
[www.canadianchopinsociety.com/wp-content/uploads/2013/02/Flyer-150x150.jpg]
[www.canadianchopinsociety.com/wp-content/uploads/2013/02/IMG_0983-e1522003724711.jpg]
[www.canadianchopinsociety.com/wp-content/uploads/2013/02/IMG_0983-150x150.jpg]
[www.canadianchopinsociety.com/wp-content/uploads/2013/02/pce-05.jpg]
[www.canadianchopinsociety.com/wp-content/uploads/2013/02/pce-05-150x150.jpg]
[www.canadianchopinsociety.com/wp-content/uploads/2013/02/July27Concert-e1523497224540.jpg]
[www.canadianchopinsociety.com/wp-content/uploads/2013/02/July27Concert-150x150.jpg]
[www.canadianchopinsociety.com/wp-content/uploads/2013/02/IMG_0863-e1522003705474.jpg]
[www.canadianchopinsociety.com/wp-content/uploads/2013/02/IMG_0863-150x150.jpg]
[www.canadianchopinsociety.com/wp-content/uploads/2013/02/pce-04.jpg]
[www.canadianchopinsociety.com/wp-content/uploads/2013/02/pce-04-150x150.jpg]
[www.canadianchopinsociety.com/wp-content/uploads/2013/02/IMG_0872-e1522003688640.jpg]
[www.canadianchopinsociety.com/wp-content/uploads/2013/02/IMG_0872-150x150.jpg]
[www.canadianchopinsociety.com/wp-content/uploads/2013/02/pce-03.jpg]
[www.canadianchopinsociety.com/wp-content/uploads/2013/02/pce-03-150x150.jpg]
[www.canadianchopinsociety.com/wp-content/uploads/2013/02/IMG_0019-e1522003668991.jpg]
[www.canadianchopinsociety.com/wp-content/uploads/2013/02/IMG_0019-150x150.jpg]
[www.canadianchopinsociety.com/wp-content/uploads/2013/02/IMG_0015-e1522003649714.jpg]
[www.canadianchopinsociety.com/wp-content/uploads/2013/02/IMG_0015-150x150.jpg]
[www.canadianchopinsociety.com/wp-content/uploads/2013/02/Westben-July-2010-003-e1522003629487.jpg]
[www.canadianchopinsociety.com/wp-content/uploads/2013/02/Westben-July-2010-003-150x150.jpg]
[www.canadianchopinsociety.com/wp-content/uploads/2013/02/Westben-July-2010-011-e1522003610891.jpg]
[www.canadianchopinsociety.com/wp-content/uploads/2013/02/Westben-July-2010-011-150x150.jpg]
[www.canadianchopinsociety.com/wp-content/uploads/2013/02/Chopin-April-25th-concert-RCM-015-e1522003590409.jpg]
[www.canadianchopinsociety.com/wp-content/uploads/2013/02/Chopin-April-25th-concert-RCM-015-150x150.jpg]
[www.canadianchopinsociety.com/wp-content/uploads/2013/02/Chopin-April-25th-concert-RCM-001-e1523496976769.jpg]
[www.canadianchopinsociety.com/wp-content/uploads/2013/02/Chopin-April-25th-concert-RCM-001-150x150.jpg]
[www.canadianchopinsociety.com/wp-content/uploads/2013/02/Chopin-April-25th-concert-RCM-013-e1522003547778.jpg]
[www.canadianchopinsociety.com/wp-content/uploads/2013/02/Chopin-April-25th-concert-RCM-013-150x150.jpg]
[www.canadianchopinsociety.com/wp-content/uploads/2013/02/Chopin-April-25th-concert-RCM-018-e1522003522743.jpg]
[www.canadianchopinsociety.com/wp-content/uploads/2013/02/Chopin-April-25th-concert-RCM-018-150x150.jpg]
[www.canadianchopinsociety.com/wp-content/uploads/2013/02/IMG_0833-e1522001868348.jpg]
[www.canadianchopinsociety.com/wp-content/uploads/2013/02/IMG_0833-150x150.jpg]
[www.canadianchopinsociety.com/wp-content/uploads/2013/02/IMG_0829-e1522001847428.jpg]
[www.canadianchopinsociety.com/wp-content/uploads/2013/02/IMG_0829-150x150.jpg]
[www.canadianchopinsociety.com/wp-content/uploads/2013/02/IMG_0826-1-e1522003394394.jpg]
[www.canadianchopinsociety.com/wp-content/uploads/2013/02/IMG_0826-1-150x150.jpg]
[www.canadianchopinsociety.com/wp-content/uploads/2013/02/IMG_0837-1-e1522001920863.jpg]
[www.canadianchopinsociety.com/wp-content/uploads/2013/02/IMG_0837-1-150x150.jpg]
[www.canadianchopinsociety.com/wp-content/uploads/2013/02/IMG_0838-1-e1522003049549.jpg]
[www.canadianchopinsociety.com/wp-content/uploads/2013/02/IMG_0838-1-150x150.jpg]
[www.canadianchopinsociety.com/wp-content/uploads/2013/02/pce-01.jpg]
[www.canadianchopinsociety.com/wp-content/uploads/2013/02/pce-01-150x150.jpg]
[www.canadianchopinsociety.com/wp-content/uploads/2013/02/pce-02-e1523496760454.jpg]
[www.canadianchopinsociety.com/wp-content/uploads/2013/02/pce-02-150x150.jpg]
[www.canadianchopinsociety.com/gallery/past-concerts-events.html]
[www.canadianchopinsociety.com/wp-content/uploads/2013/01/ccf-10-02.jpg]
[www.canadianchopinsociety.com/gallery/third-canadian-chopin-piano-competition-2010/feed]
[www.canadianchopinsociety.com/wp-json/wp/v2/pages/255.json]
[www.canadianchopinsociety.com/wp-json/oembed/1.0/embed95f0.json]
[www.canadianchopinsociety.com/wp-json/oembed/1.0/embeddc2b]
[www.canadianchopinsociety.com/wp-content/uploads/2013/01/ccf-10-02-150x150.jpg]
[www.canadianchopinsociety.com/wp-content/uploads/2013/02/tccpc-10-01.jpg]
[www.canadianchopinsociety.com/wp-content/uploads/2013/02/tccpc-10-01-150x150.jpg]
[www.canadianchopinsociety.com/wp-content/uploads/2013/02/tccpc-10-02.jpg]
[www.canadianchopinsociety.com/wp-content/uploads/2013/02/tccpc-10-02-150x150.jpg]
[www.canadianchopinsociety.com/wp-content/uploads/2013/02/tccpc-10-03.jpg]
[www.canadianchopinsociety.com/wp-content/uploads/2013/02/tccpc-10-03-150x150.jpg]
[www.canadianchopinsociety.com/wp-content/uploads/2013/02/tccpc-10-04.jpg]
[www.canadianchopinsociety.com/wp-content/uploads/2013/02/tccpc-10-04-150x150.jpg]
[www.canadianchopinsociety.com/wp-content/uploads/2013/02/tccpc-10-05.jpg]
[www.canadianchopinsociety.com/wp-content/uploads/2013/02/tccpc-10-05-150x150.jpg]
[www.canadianchopinsociety.com/wp-content/uploads/2013/02/tccpc-10-06.jpg]
[www.canadianchopinsociety.com/wp-content/uploads/2013/02/tccpc-10-06-150x150.jpg]
[www.canadianchopinsociety.com/wp-content/uploads/2013/02/tccpc-10-07.jpg]
[www.canadianchopinsociety.com/wp-content/uploads/2013/02/tccpc-10-07-150x150.jpg]
[www.canadianchopinsociety.com/wp-content/uploads/2013/02/tccpc-10-08.jpg]
[www.canadianchopinsociety.com/wp-content/uploads/2013/02/tccpc-10-08-150x150.jpg]
[www.canadianchopinsociety.com/wp-content/uploads/2013/02/tccpc-10-09.jpg]
[www.canadianchopinsociety.com/wp-content/uploads/2013/02/tccpc-10-09-150x150.jpg]
[www.canadianchopinsociety.com/wp-content/uploads/2013/02/tccpc-10-10.jpg]
[www.canadianchopinsociety.com/wp-content/uploads/2013/02/tccpc-10-10-150x150.jpg]
[www.canadianchopinsociety.com/wp-content/uploads/2013/02/tccpc-10-11.jpg]
[www.canadianchopinsociety.com/wp-content/uploads/2013/02/tccpc-10-11-150x150.jpg]
[www.canadianchopinsociety.com/wp-content/uploads/2013/02/tccpc-10-12.jpg]
[www.canadianchopinsociety.com/wp-content/uploads/2013/02/tccpc-10-12-150x150.jpg]
[www.canadianchopinsociety.com/wp-content/uploads/2013/02/tccpc-10-13.jpg]
[www.canadianchopinsociety.com/wp-content/uploads/2013/02/tccpc-10-13-150x150.jpg]
[www.canadianchopinsociety.com/wp-content/uploads/2013/01/ccf-10-01.jpg]
[www.canadianchopinsociety.com/wp-content/uploads/2013/01/ccf-10-01-150x150.jpg]
[www.canadianchopinsociety.com/wp-content/uploads/2013/01/ccf-10-03.jpg]
[www.canadianchopinsociety.com/wp-content/uploads/2013/01/ccf-10-03-150x150.jpg]
[www.canadianchopinsociety.com/wp-content/uploads/2013/01/ccf-10-04.jpg]
[www.canadianchopinsociety.com/wp-content/uploads/2013/01/ccf-10-04-150x150.jpg]
[www.canadianchopinsociety.com/wp-content/uploads/2013/01/ccf-10-05.jpg]
[www.canadianchopinsociety.com/wp-content/uploads/2013/01/ccf-10-05-150x150.jpg]
[www.canadianchopinsociety.com/wp-content/uploads/2013/01/ccf-10-06.jpg]
[www.canadianchopinsociety.com/wp-content/uploads/2013/01/ccf-10-06-150x150.jpg]
[www.canadianchopinsociety.com/wp-content/uploads/2013/01/ccf-10-07.jpg]
[www.canadianchopinsociety.com/wp-content/uploads/2013/01/ccf-10-07-150x150.jpg]
[www.canadianchopinsociety.com/wp-content/uploads/2013/01/ccf-10-08.jpg]
[www.canadianchopinsociety.com/wp-content/uploads/2013/01/ccf-10-08-150x150.jpg]
[www.canadianchopinsociety.com/wp-content/uploads/2013/01/ccf-10-09.jpg]
[www.canadianchopinsociety.com/wp-content/uploads/2013/01/ccf-10-09-150x150.jpg]
[www.canadianchopinsociety.com/wp-content/uploads/2013/01/ccf-10-10.jpg]
[www.canadianchopinsociety.com/wp-content/uploads/2013/01/ccf-10-10-150x150.jpg]
[www.canadianchopinsociety.com/wp-content/uploads/2013/01/ccf-10-11.jpg]
[www.canadianchopinsociety.com/wp-content/uploads/2013/01/ccf-10-11-150x150.jpg]
[www.canadianchopinsociety.com/wp-content/uploads/2013/01/ccf-10-12.jpg]
[www.canadianchopinsociety.com/wp-content/uploads/2013/01/ccf-10-12-150x150.jpg]
[www.canadianchopinsociety.com/wp-content/uploads/2013/01/ccf-10-13.jpg]
[www.canadianchopinsociety.com/wp-content/uploads/2013/01/ccf-10-13-150x150.jpg]
[www.canadianchopinsociety.com/wp-content/uploads/2013/01/ccf-10-14.jpg]
[www.canadianchopinsociety.com/wp-content/uploads/2013/01/ccf-10-14-150x150.jpg]
[www.canadianchopinsociety.com/wp-content/uploads/2013/01/ccf-10-15.jpg]
[www.canadianchopinsociety.com/wp-content/uploads/2013/01/ccf-10-15-150x150.jpg]
[www.canadianchopinsociety.com/wp-content/uploads/2013/01/ccf-10-16.jpg]
[www.canadianchopinsociety.com/wp-content/uploads/2013/01/ccf-10-16-150x150.jpg]
[www.canadianchopinsociety.com/wp-content/uploads/2013/01/ccf-10-17.jpg]
[www.canadianchopinsociety.com/wp-content/uploads/2013/01/ccf-10-17-150x150.jpg]
[www.canadianchopinsociety.com/wp-content/uploads/2013/01/ccf-10-18.jpg]
[www.canadianchopinsociety.com/wp-content/uploads/2013/01/ccf-10-18-150x150.jpg]
[www.canadianchopinsociety.com/gallery/third-canadian-chopin-piano-competition-2010.html]
[www.canadianchopinsociety.com/wp-content/uploads/2018/04/Web-poster-4-1024x713.jpg]
[www.canadianchopinsociety.com/wp-json/wp/v2/pages/1537.json]
[www.canadianchopinsociety.com/wp-json/oembed/1.0/embedcb38.json]
[www.canadianchopinsociety.com/wp-json/oembed/1.0/embed4b83]
[www.canadianchopinsociety.com/piano-competition/2019-competition-2.html]
[www.canadianchopinsociety.com/wp-json/wp/v2/pages/1552.json]
[www.canadianchopinsociety.com/wp-json/oembed/1.0/embed0e8c.json]
[www.canadianchopinsociety.com/wp-json/oembed/1.0/embeddb75]
[www.canadianchopinsociety.com/piano-competition/2019-competition-2/application.html]
[www.canadianchopinsociety.com/wp-json/wp/v2/pages/1542.json]
[www.canadianchopinsociety.com/wp-json/oembed/1.0/embed1773.json]
[www.canadianchopinsociety.com/wp-json/oembed/1.0/embed5cf2]
[www.canadianchopinsociety.com/piano-competition/2019-competition-2/competitors.html]
[www.canadianchopinsociety.com/wp-json/wp/v2/pages/2357.json]
[www.canadianchopinsociety.com/wp-json/oembed/1.0/embedf56e.json]
[www.canadianchopinsociety.com/wp-json/oembed/1.0/embedbdee]
[www.canadianchopinsociety.com/piano-competition/2019-competition-2/competitors-2.html]
[www.canadianchopinsociety.com/wp-json/wp/v2/pages/1544.json]
[www.canadianchopinsociety.com/wp-json/oembed/1.0/embedaea8.json]
[www.canadianchopinsociety.com/wp-json/oembed/1.0/embed103b]
[www.canadianchopinsociety.com/piano-competition/2019-competition-2/jury.html]
[www.canadianchopinsociety.com/wp-json/wp/v2/pages/1546.json]
[www.canadianchopinsociety.com/wp-json/oembed/1.0/embed1d4a.json]
[www.canadianchopinsociety.com/wp-json/oembed/1.0/embedf59d]
[www.canadianchopinsociety.com/piano-competition/2019-competition-2/prizes.html]
[www.canadianchopinsociety.com/wp-json/wp/v2/pages/1548.json]
[www.canadianchopinsociety.com/wp-json/oembed/1.0/embedb3bc.json]
[www.canadianchopinsociety.com/wp-json/oembed/1.0/embed652c]
[www.canadianchopinsociety.com/wp-content/uploads/2019/01/FifthCanadianChopin-Competition_Repertoire-Requirements_FINAL.pdf]
[www.canadianchopinsociety.com/piano-competition/2019-competition-2/repertoire-requirements.html]
[www.canadianchopinsociety.com/piano-competition/2019-competition-2/repertoire-requirements-2.html]
[www.canadianchopinsociety.com/wp-json/wp/v2/pages/1550.json]
[www.canadianchopinsociety.com/wp-json/oembed/1.0/embed394b.json]
[www.canadianchopinsociety.com/wp-json/oembed/1.0/embedd29f]
[www.canadianchopinsociety.com/wp-content/uploads/2019/03/FifthCanadianChopinPianoCompetition_-RULES-and-REGULATIONS_2019.pdf]
[www.canadianchopinsociety.com/piano-competition/2019-competition-2/rules-regulations.html]
[www.canadianchopinsociety.com/piano-competition/past-competitions/1999-competition/feed]
[www.canadianchopinsociety.com/wp-json/wp/v2/pages/445.json]
[www.canadianchopinsociety.com/wp-json/oembed/1.0/embed805e.json]
[www.canadianchopinsociety.com/wp-json/oembed/1.0/embed3a6a]
[www.canadianchopinsociety.com/piano-competition/past-competitions/1999-competition.html]
[www.canadianchopinsociety.com/piano-competition/past-competitions/2004-competition/feed]
[www.canadianchopinsociety.com/wp-json/wp/v2/pages/452.json]
[www.canadianchopinsociety.com/wp-json/oembed/1.0/embeda401.json]
[www.canadianchopinsociety.com/wp-json/oembed/1.0/embed6ecd]
[www.canadianchopinsociety.com/piano-competition/past-competitions/2004-competition.html]
[www.canadianchopinsociety.com/piano-competition/past-competitions/2004-competition/rules-regulations-2/feed]
[www.canadianchopinsociety.com/wp-json/wp/v2/pages/2070.json]
[www.canadianchopinsociety.com/wp-json/oembed/1.0/embed30b6.json]
[www.canadianchopinsociety.com/wp-json/oembed/1.0/embed97c8]
[www.canadianchopinsociety.com/piano-competition/past-competitions/2004-competition/rules-regulations-2.html]
[www.canadianchopinsociety.com/wp-content/uploads/2013/02/leonard-gilbert.jpg]
[www.canadianchopinsociety.com/piano-competition/past-competitions/2010-competition/feed]
[www.canadianchopinsociety.com/wp-json/wp/v2/pages/341.json]
[www.canadianchopinsociety.com/wp-json/oembed/1.0/embed2a1e.json]
[www.canadianchopinsociety.com/wp-json/oembed/1.0/embedf5d4]
[www.canadianchopinsociety.com/wp-content/uploads/2013/02/sijing-ye.jpg]
[www.canadianchopinsociety.com/wp-content/uploads/2013/02/elizabeth-schumann.jpg]
[www.canadianchopinsociety.com/wp-content/uploads/2013/02/SijingYe.pdf]
[www.canadianchopinsociety.com/wp-content/uploads/2013/02/anastasia-rizikov.jpg]
[www.canadianchopinsociety.com/wp-content/uploads/2013/02/nathan-kong.jpg]
[www.canadianchopinsociety.com/wp-content/uploads/2013/02/amadeusz-k-houston.jpg]
[www.canadianchopinsociety.com/wp-content/uploads/2013/02/annie-zhou.jpg]
[www.canadianchopinsociety.com/wp-content/uploads/2013/02/NathanKong.pdf]
[www.canadianchopinsociety.com/wp-content/uploads/2013/02/AmadeuszKazub-Houston.pdf]
[www.canadianchopinsociety.com/piano-competition/past-competitions/2010-competition.html]
[www.canadianchopinsociety.com/wp-content/uploads/2013/02/KJablonski.png]
[www.canadianchopinsociety.com/piano-competition/past-competitions/2010-competition/jury/feed]
[www.canadianchopinsociety.com/wp-json/wp/v2/pages/196.json]
[www.canadianchopinsociety.com/wp-json/oembed/1.0/embed4e54.json]
[www.canadianchopinsociety.com/wp-json/oembed/1.0/embedffbc]
[www.canadianchopinsociety.com/wp-content/uploads/2013/02/LKinton.png]
[www.canadianchopinsociety.com/wp-content/uploads/2013/02/LKSing.png]
[www.canadianchopinsociety.com/wp-content/uploads/2013/02/JParker.png]
[www.canadianchopinsociety.com/wp-content/uploads/2013/02/PParr.png]
[www.canadianchopinsociety.com/wp-content/uploads/2013/02/VTyron.png]
[www.canadianchopinsociety.com/wp-content/uploads/2013/01/V-Tyron.pdf]
[www.canadianchopinsociety.com/wp-content/uploads/2013/02/LWang.png]
[www.canadianchopinsociety.com/wp-content/uploads/2013/01/L-Wang.pdf]
[www.canadianchopinsociety.com/piano-competition/past-competitions/2010-competition/jury.html]
[www.canadianchopinsociety.com/piano-competition/past-competitions/2010-competition/prizes/feed]
[www.canadianchopinsociety.com/wp-json/wp/v2/pages/199.json]
[www.canadianchopinsociety.com/wp-json/oembed/1.0/embeda336.json]
[www.canadianchopinsociety.com/wp-json/oembed/1.0/embedb907]
[www.canadianchopinsociety.com/piano-competition/past-competitions/2010-competition/prizes.html]
[www.canadianchopinsociety.com/piano-competition/past-competitions/2010-competition/repertoire-requirements/feed]
[www.canadianchopinsociety.com/wp-json/wp/v2/pages/192.json]
[www.canadianchopinsociety.com/wp-json/oembed/1.0/embed0a59.json]
[www.canadianchopinsociety.com/wp-json/oembed/1.0/embed460c]
[www.canadianchopinsociety.com/piano-competition/past-competitions/2010-competition/repertoire-requirements.html]
[www.canadianchopinsociety.com/piano-competition/past-competitions/2010-competition/rules-and-regulations/feed]
[www.canadianchopinsociety.com/wp-json/wp/v2/pages/190.json]
[www.canadianchopinsociety.com/wp-json/oembed/1.0/embedf56a.json]
[www.canadianchopinsociety.com/wp-json/oembed/1.0/embed7e68]
[www.canadianchopinsociety.com/piano-competition/past-competitions/2010-competition/rules-and-regulations.html]
[www.canadianchopinsociety.com/piano-competition/past-competitions/2010-competition/winners-concert-tour/feed]
[www.canadianchopinsociety.com/wp-json/wp/v2/pages/378.json]
[www.canadianchopinsociety.com/wp-json/oembed/1.0/embed7b9c.json]
[www.canadianchopinsociety.com/wp-json/oembed/1.0/embed3bd5]
[www.canadianchopinsociety.com/piano-competition/past-competitions/2010-competition/winners-concert-tour.html]
[www.canadianchopinsociety.com/wp-content/uploads/2015/02/S-Alexander-Seredenko-150x150.jpg]
[www.canadianchopinsociety.com/piano-competition/past-competitions/2014-competition/feed]
[www.canadianchopinsociety.com/wp-json/wp/v2/pages/103.json]
[www.canadianchopinsociety.com/wp-json/oembed/1.0/embed119c.json]
[www.canadianchopinsociety.com/wp-json/oembed/1.0/embed71d7]
[www.canadianchopinsociety.com/wp-content/uploads/2015/02/S-Alexander-Seredenko.jpg]
[www.canadianchopinsociety.com/wp-content/uploads/2015/03/DSC_7529.jpg]
[www.canadianchopinsociety.com/wp-content/uploads/2015/03/DSC_7529-150x150.jpg]
[www.canadianchopinsociety.com/wp-content/uploads/2015/03/S-Victoria-WONG.jpg]
[www.canadianchopinsociety.com/wp-content/uploads/2015/03/S-Victoria-WONG-150x150.jpg]
[www.canadianchopinsociety.com/wp-content/uploads/2015/03/J-George-HUA.jpg]
[www.canadianchopinsociety.com/wp-content/uploads/2015/03/J-George-HUA-150x150.jpg]
[www.canadianchopinsociety.com/wp-content/uploads/2015/03/J-Christopher-YEUNG.jpg]
[www.canadianchopinsociety.com/wp-content/uploads/2015/03/J-Christopher-YEUNG-150x150.jpg]
[www.canadianchopinsociety.com/wp-content/uploads/2015/03/J-Coco-MA.jpg]
[www.canadianchopinsociety.com/wp-content/uploads/2015/03/J-Coco-MA-150x150.jpg]
[www.canadianchopinsociety.com/piano-competition/past-competitions/2014-competition.html]
[www.canadianchopinsociety.com/piano-competition/past-competitions/2014-competition/application/feed]
[www.canadianchopinsociety.com/wp-json/wp/v2/pages/194.json]
[www.canadianchopinsociety.com/wp-json/oembed/1.0/embed1905.json]
[www.canadianchopinsociety.com/wp-json/oembed/1.0/embed1ee1]
[www.canadianchopinsociety.com/wp-content/uploads/2013/01/Junior-Application-Form.pdf]
[www.canadianchopinsociety.com/wp-content/uploads/2014/02/Senior-Application-Form.pdf]
[www.canadianchopinsociety.com/piano-competition/past-competitions/2014-competition/application.html]
[www.canadianchopinsociety.com/piano-competition/past-competitions/2014-competition/competitors-2014/feed]
[www.canadianchopinsociety.com/wp-json/wp/v2/pages/1085.json]
[www.canadianchopinsociety.com/wp-json/oembed/1.0/embeda87c.json]
[www.canadianchopinsociety.com/wp-json/oembed/1.0/embed9a01]
[www.canadianchopinsociety.com/piano-competition/past-competitions/2014-competition/competitors-2014.html]
[www.canadianchopinsociety.com/wp-content/uploads/2014/07/art_det_image_232-e1406225503919.jpg]
[www.canadianchopinsociety.com/piano-competition/past-competitions/2014-competition/jury/feed]
[www.canadianchopinsociety.com/wp-json/wp/v2/pages/588.json]
[www.canadianchopinsociety.com/wp-json/oembed/1.0/embedd8fc.json]
[www.canadianchopinsociety.com/wp-json/oembed/1.0/embed627d]
[www.canadianchopinsociety.com/wp-content/uploads/2014/07/Waide-e1406226081779.jpg]
[www.canadianchopinsociety.com/wp-content/uploads/2014/07/Waide-300x300.jpg]
[www.canadianchopinsociety.com/wp-content/uploads/2013/03/bblaha.jpg]
[www.canadianchopinsociety.com/wp-content/uploads/2013/03/Kmcwilliams-e1406226858837.jpg]
[www.canadianchopinsociety.com/wp-content/uploads/2014/07/Llui-e1406227107499.jpg]
[www.canadianchopinsociety.com/wp-content/uploads/2014/07/Llui-200x300.jpg]
[www.canadianchopinsociety.com/piano-competition/past-competitions/2014-competition/jury.html]
[www.canadianchopinsociety.com/piano-competition/past-competitions/2014-competition/prizes/feed]
[www.canadianchopinsociety.com/wp-json/wp/v2/pages/591.json]
[www.canadianchopinsociety.com/wp-json/oembed/1.0/embed0ae9.json]
[www.canadianchopinsociety.com/wp-json/oembed/1.0/embed0d5d]
[www.canadianchopinsociety.com/piano-competition/past-competitions/2014-competition/prizes.html]
[www.canadianchopinsociety.com/piano-competition/past-competitions/2014-competition/repetoire-requirements/feed]
[www.canadianchopinsociety.com/wp-json/wp/v2/pages/585.json]
[www.canadianchopinsociety.com/wp-json/oembed/1.0/embed7d9d.json]
[www.canadianchopinsociety.com/wp-json/oembed/1.0/embedf8e8]
[www.canadianchopinsociety.com/piano-competition/past-competitions/2014-competition/repetoire-requirements.html]
[www.canadianchopinsociety.com/piano-competition/past-competitions/2014-competition/rules-regulations/feed]
[www.canadianchopinsociety.com/wp-json/wp/v2/pages/582.json]
[www.canadianchopinsociety.com/wp-json/oembed/1.0/embed18d8.json]
[www.canadianchopinsociety.com/wp-json/oembed/1.0/embed42a4]
[www.canadianchopinsociety.com/piano-competition/past-competitions/2014-competition/rules-regulations.html]
[www.canadianchopinsociety.com/wp-json/wp/v2/pages/1534.json]
[www.canadianchopinsociety.com/wp-json/oembed/1.0/embed9829.json]
[www.canadianchopinsociety.com/wp-json/oembed/1.0/embedc35a]
[www.canadianchopinsociety.com/scholarship.html]
[www.canadianchopinsociety.com/test.html]
[www.canadianchopinsociety.com/index4837.html]
[www.canadianchopinsociety.com/indexa2ee.html]
[www.canadianchopinsociety.com/core/css/blog5152.css]
[www.canadianchopinsociety.com/indexa92a.html]
[www.canadianchopinsociety.com/category/announcements/feed]
[www.canadianchopinsociety.com/wp-json/wp/v2/categories/7.json]
[www.canadianchopinsociety.com/category/announcements.html]
[www.canadianchopinsociety.com/category/articles/feed]
[www.canadianchopinsociety.com/wp-json/wp/v2/categories/1.json]
[www.canadianchopinsociety.com/category/articles.html]
[www.canadianchopinsociety.com/category/in-the-news/feed]
[www.canadianchopinsociety.com/wp-json/wp/v2/categories/5.json]
[www.canadianchopinsociety.com/category/in-the-news.html]
[www.canadianchopinsociety.com/wp-json/wp/v2/posts/699.json]
[www.canadianchopinsociety.com/wp-json/oembed/1.0/embedb2b4.json]
[www.canadianchopinsociety.com/wp-json/oembed/1.0/embed8840]
[www.canadianchopinsociety.com/articles/avan-yu.html]
[www.canadianchopinsociety.com/wp-json/wp/v2/posts/696.json]
[www.canadianchopinsociety.com/wp-json/oembed/1.0/embed8bb7.json]
[www.canadianchopinsociety.com/wp-json/oembed/1.0/embed9a54]
[www.canadianchopinsociety.com/articles/canadian-chopin-society-honors-jan-lisiecki.html]
[www.canadianchopinsociety.com/wp-json/wp/v2/posts/692.json]
[www.canadianchopinsociety.com/wp-json/oembed/1.0/embed55de.json]
[www.canadianchopinsociety.com/wp-json/oembed/1.0/embed4f6d]
[www.canadianchopinsociety.com/articles/dr-alan-walker-honorary-fellow-of-the-canadian-chopin-society.html]
[www.canadianchopinsociety.com/2013/04.html]
[www.canadianchopinsociety.com/index5070.html]
[www.canadianchopinsociety.com/index9110.html]
[www.canadianchopinsociety.com/index9787.html]
[www.canadianchopinsociety.com/indexd032.html]
[www.canadianchopinsociety.com/indexe9b4.html]
[www.canadianchopinsociety.com/indexfb78.html]
[www.canadianchopinsociety.com/indexb190.html]
[www.canadianchopinsociety.com/index7a6e.html]
[www.canadianchopinsociety.com/index1098.html]
[www.canadianchopinsociety.com/index4480.html]
[www.canadianchopinsociety.com/index678b.html]
[www.canadianchopinsociety.com/index6221.html]
[www.canadianchopinsociety.com/index5b45.html]
[www.canadianchopinsociety.com/indexfbd1.html]
[www.canadianchopinsociety.com/index9cd7.html]
[www.canadianchopinsociety.com/indexec74.html]
[www.canadianchopinsociety.com/index2dc4.html]
[www.canadianchopinsociety.com/index8b5e.html]
[www.canadianchopinsociety.com/indexd45c.html]
[www.canadianchopinsociety.com/index2821.html]
[www.canadianchopinsociety.com/indexeb91.html]
[www.canadianchopinsociety.com/index7f9e.html]
[www.canadianchopinsociety.com/index4e6a.html]
[www.canadianchopinsociety.com/indexd219.html]
[www.canadianchopinsociety.com/index0b69.html]
[www.canadianchopinsociety.com/index0ba9.html]
[www.canadianchopinsociety.com/gallery/international-chopin-competition-2010/index.html]
[www.canadianchopinsociety.com/gallery/past-concerts-events/index.html]
[www.canadianchopinsociety.com/gallery/third-canadian-chopin-piano-competition-2010/index.html]
[www.canadianchopinsociety.com/indexa1ca.html]
[www.canadianchopinsociety.com/index1b2c.html]
[www.canadianchopinsociety.com/index0e62.html]
[www.canadianchopinsociety.com/index888c.html]
[www.canadianchopinsociety.com/index83ee.html]
[www.canadianchopinsociety.com/indexc7ac.html]
[www.canadianchopinsociety.com/index1800.html]
[www.canadianchopinsociety.com/indexa1b0.html]
[www.canadianchopinsociety.com/indexba06.html]
[www.canadianchopinsociety.com/indexfa14.html]
[www.canadianchopinsociety.com/index0114.html]
[www.canadianchopinsociety.com/index8ce0.html]
[www.canadianchopinsociety.com/indexd7c9.html]
[www.canadianchopinsociety.com/index3701.html]
[www.canadianchopinsociety.com/index6015.html]
[www.canadianchopinsociety.com/index1b50.html]
[www.canadianchopinsociety.com/indexd64d.html]
[www.canadianchopinsociety.com/indexb0ff.html]
[www.canadianchopinsociety.com/index8c34.html]
[www.canadianchopinsociety.com/index9cbd.html]
[www.canadianchopinsociety.com/index6cf2.html]
[www.canadianchopinsociety.com/index1e38.html]
[www.canadianchopinsociety.com/indexe83f.html]
[www.canadianchopinsociety.com/indexd261.html]
[www.canadianchopinsociety.com/index9646.html]
[www.canadianchopinsociety.com/index3451.html]
[www.canadianchopinsociety.com/index7a2c.html]
[www.canadianchopinsociety.com/index35c4.html]
[www.canadianchopinsociety.com/indexe2de.html]
[www.canadianchopinsociety.com/index18ba.html]
[www.canadianchopinsociety.com/index6eea.html]
[www.canadianchopinsociety.com/indexb9a0.html]
[www.canadianchopinsociety.com/index5ed0.html]
[www.canadianchopinsociety.com/indexbaaa.html]
[www.canadianchopinsociety.com/index0c93.html]
[www.canadianchopinsociety.com/index8734.html]
[www.canadianchopinsociety.com/index99ea.html]
[www.canadianchopinsociety.com/indexb817.html]
[www.canadianchopinsociety.com/index348c.html]
[www.canadianchopinsociety.com/index9a86.html]
[www.canadianchopinsociety.com/index8ddc.html]
[www.canadianchopinsociety.com/index487f.html]
[www.canadianchopinsociety.com/indexb50a.html]
[www.canadianchopinsociety.com/index7323.html]
[www.canadianchopinsociety.com/index4377.html]
[www.canadianchopinsociety.com/index21ad.html]
[www.canadianchopinsociety.com/index8aa6.html]
[www.canadianchopinsociety.com/index399f.html]
[www.canadianchopinsociety.com/index6d70.html]
[www.canadianchopinsociety.com/index6af7.html]
[www.canadianchopinsociety.com/indexaca3.html]
[www.canadianchopinsociety.com/indexb7ea.html]
[www.canadianchopinsociety.com/index0ecd.html]
[www.canadianchopinsociety.com/index2d00.html]
[www.canadianchopinsociety.com/index20a4.html]
[www.canadianchopinsociety.com/indexa454.html]
[www.canadianchopinsociety.com/index4bb6.html]
[www.canadianchopinsociety.com/index2214.html]
[www.canadianchopinsociety.com/index47c4.html]
[www.canadianchopinsociety.com/index2c35.html]
[www.canadianchopinsociety.com/piano-competition/past-competitions/content/uploads/2013/02/NathanKong.html]
[www.canadianchopinsociety.com/indexf45e.html]
[www.canadianchopinsociety.com/indexbac8.html]
[www.canadianchopinsociety.com/index5051.html]
[www.canadianchopinsociety.com/index8848.html]
[www.canadianchopinsociety.com/index5a6a.html]
[www.canadianchopinsociety.com/index4fc9.html]
[www.canadianchopinsociety.com/index261b.html]
[www.canadianchopinsociety.com/index1f0f.html]
[www.canadianchopinsociety.com/indexe8d3.html]
[www.canadianchopinsociety.com/indexe00c.html]
[www.canadianchopinsociety.com/indexe6f0.html]
[www.canadianchopinsociety.com/index30d9.html]
[www.canadianchopinsociety.com/indexc8fa.html]
[www.canadianchopinsociety.com/index498b.html]
[www.canadianchopinsociety.com/indexbb4b.html]
[www.canadianchopinsociety.com/indexb744.html]
[www.canadianchopinsociety.com/indexc535.html]
[www.canadianchopinsociety.com/indexab79.html]
[www.canadianchopinsociety.com/index81db.html]
[www.canadianchopinsociety.com/index37ea.html]
[www.canadianchopinsociety.com/index33e1.html]
[www.canadianchopinsociety.com/indexf3d8.html]
[www.canadianchopinsociety.com/index01e4.html]
[www.canadianchopinsociety.com/index3b5e.html]
[www.canadianchopinsociety.com/index9c1b.html]
[www.canadianchopinsociety.com/index6c64.html]
[www.canadianchopinsociety.com/indexb3f9.html]
[www.canadianchopinsociety.com/wp-json/wp/v2/posts/676.json]
[www.canadianchopinsociety.com/wp-json/oembed/1.0/embed5519.json]
[www.canadianchopinsociety.com/wp-json/oembed/1.0/embedfd7e]
[www.canadianchopinsociety.com/articles/the-international-f-chopin-piano-competition.html]
[www.canadianchopinsociety.com/indexa934.html]
[www.canadianchopinsociety.com/index18b6.html]
[www.canadianchopinsociety.com/index1c50.html]
[www.canadianchopinsociety.com/index989a.html]
[www.canadianchopinsociety.com/indexca55.html]
[www.canadianchopinsociety.com/index192c.html]
[www.canadianchopinsociety.com/index820c.html]
[www.canadianchopinsociety.com/index40b9.html]
[www.canadianchopinsociety.com/indexa0f6.html]
[www.canadianchopinsociety.com/2013.html]
[www.canadianchopinsociety.com/index54f6.html]
[www.canadianchopinsociety.com/index6e01.html]
[www.canadianchopinsociety.com/index4459.html]
